12:53:21 **** Incremental Build of configuration Debug for project Problem3_freertos_hello ****
make -r -j4 all 
Building file: ../source/freertos_hello.c
Invoking: MCU C Compiler
arm-none-eabi-gcc -std=gnu99 -DCPU_MK66FN2M0VMD18 -DCPU_MK66FN2M0VMD18_cm4 -DFRDM_K66F -DFREEDOM -DSERIAL_PORT_TYPE_UART=1 -DSDK_OS_FREE_RTOS -DMCUXPRESSO_SDK -DSDK_DEBUGCONSOLE=0 -DCR_INTEGER_PRINTF -DPRINTF_FLOAT_ENABLE=0 -D__MCUXPRESSO -D__USE_CMSIS -DDEBUG -D__REDLIB__ -I"C:\Users\markanda\Documents\4DS4\Lab2\Problem3_freertos_hello\source" -I"C:\Users\markanda\Documents\4DS4\Lab2\Problem3_freertos_hello\drivers" -I"C:\Users\markanda\Documents\4DS4\Lab2\Problem3_freertos_hello\device" -I"C:\Users\markanda\Documents\4DS4\Lab2\Problem3_freertos_hello\utilities" -I"C:\Users\markanda\Documents\4DS4\Lab2\Problem3_freertos_hello\component\uart" -I"C:\Users\markanda\Documents\4DS4\Lab2\Problem3_freertos_hello\component\serial_manager" -I"C:\Users\markanda\Documents\4DS4\Lab2\Problem3_freertos_hello\component\lists" -I"C:\Users\markanda\Documents\4DS4\Lab2\Problem3_freertos_hello\CMSIS" -I"C:\Users\markanda\Documents\4DS4\Lab2\Problem3_freertos_hello\freertos\freertos_kernel\include" -I"C:\Users\markanda\Documents\4DS4\Lab2\Problem3_freertos_hello\freertos\freertos_kernel\portable\GCC\ARM_CM4F" -I"C:\Users\markanda\Documents\4DS4\Lab2\Problem3_freertos_hello\board" -O0 -fno-common -g3 -c -ffunction-sections -fdata-sections -ffreestanding -fno-builtin -fmerge-constants -fmacro-prefix-map="../source/"= -mcpu=cortex-m4 -mfpu=fpv4-sp-d16 -mfloat-abi=hard -mthumb -D__REDLIB__ -fstack-usage -specs=redlib.specs -MMD -MP -MF"source/freertos_hello.d" -MT"source/freertos_hello.o" -MT"source/freertos_hello.d" -o "source/freertos_hello.o" "../source/freertos_hello.c"
Finished building: ../source/freertos_hello.c
 
Building target: Problem3_freertos_hello.axf
Invoking: MCU Linker
arm-none-eabi-gcc -nostdlib -Xlinker -Map="Problem3_freertos_hello.map" -Xlinker --gc-sections -Xlinker -print-memory-usage -Xlinker --sort-section=alignment -Xlinker --cref -mcpu=cortex-m4 -mfpu=fpv4-sp-d16 -mfloat-abi=hard -mthumb -T Problem3_freertos_hello_Debug.ld -o "Problem3_freertos_hello.axf" ./utilities/fsl_assert.o ./utilities/fsl_debug_console.o ./utilities/fsl_str.o  ./startup/startup_mk66f18.o  ./source/freertos_hello.o ./source/semihost_hardfault.o  ./freertos/freertos_kernel/portable/MemMang/heap_4.o  ./freertos/freertos_kernel/portable/GCC/ARM_CM4F/port.o  ./freertos/freertos_kernel/croutine.o ./freertos/freertos_kernel/event_groups.o ./freertos/freertos_kernel/list.o ./freertos/freertos_kernel/queue.o ./freertos/freertos_kernel/stream_buffer.o ./freertos/freertos_kernel/tasks.o ./freertos/freertos_kernel/timers.o  ./drivers/fsl_clock.o ./drivers/fsl_common.o ./drivers/fsl_common_arm.o ./drivers/fsl_ftfx_cache.o ./drivers/fsl_ftfx_controller.o ./drivers/fsl_ftfx_flash.o ./drivers/fsl_ftfx_flexnvm.o ./drivers/fsl_gpio.o ./drivers/fsl_lpuart.o ./drivers/fsl_smc.o ./drivers/fsl_uart.o  ./device/system_MK66F18.o  ./component/uart/fsl_adapter_uart.o  ./component/serial_manager/fsl_component_serial_manager.o ./component/serial_manager/fsl_component_serial_port_uart.o  ./component/lists/fsl_component_generic_list.o  ./board/board.o ./board/clock_config.o ./board/pin_mux.o   
Memory region         Used Size  Region Size  %age Used
   PROGRAM_FLASH:       28520 B         2 MB      1.36%
      SRAM_UPPER:       19144 B       192 KB      9.74%
      SRAM_LOWER:          0 GB        64 KB      0.00%
        FLEX_RAM:          0 GB         4 KB      0.00%
Finished building target: Problem3_freertos_hello.axf
 
Performing post-build steps
arm-none-eabi-size "Problem3_freertos_hello.axf"; # arm-none-eabi-objcopy -v -O binary "Problem3_freertos_hello.axf" "Problem3_freertos_hello.bin" ; # checksum -p MK66FN2M0xxx18 -d "Problem3_freertos_hello.bin";
   text	   data	    bss	    dec	    hex	filename
  28488	     32	  19112	  47632	   ba10	Problem3_freertos_hello.axf
 
12:53:54 **** Incremental Build of configuration Debug for project Problem2_freertos_hello ****
make -r -j4 all 
Building file: ../source/freertos_hello.c
Invoking: MCU C Compiler
arm-none-eabi-gcc -std=gnu99 -D__REDLIB__ -DCPU_MK66FN2M0VMD18 -DCPU_MK66FN2M0VMD18_cm4 -DFRDM_K66F -DFREEDOM -DSERIAL_PORT_TYPE_UART=1 -DSDK_OS_FREE_RTOS -DMCUXPRESSO_SDK -DSDK_DEBUGCONSOLE=0 -DCR_INTEGER_PRINTF -DPRINTF_FLOAT_ENABLE=0 -D__MCUXPRESSO -D__USE_CMSIS -DDEBUG -I"C:\Users\markanda\Documents\4DS4\Lab2\Problem2_freertos_hello\source" -I"C:\Users\markanda\Documents\4DS4\Lab2\Problem2_freertos_hello\drivers" -I"C:\Users\markanda\Documents\4DS4\Lab2\Problem2_freertos_hello\device" -I"C:\Users\markanda\Documents\4DS4\Lab2\Problem2_freertos_hello\utilities" -I"C:\Users\markanda\Documents\4DS4\Lab2\Problem2_freertos_hello\component\uart" -I"C:\Users\markanda\Documents\4DS4\Lab2\Problem2_freertos_hello\component\serial_manager" -I"C:\Users\markanda\Documents\4DS4\Lab2\Problem2_freertos_hello\component\lists" -I"C:\Users\markanda\Documents\4DS4\Lab2\Problem2_freertos_hello\CMSIS" -I"C:\Users\markanda\Documents\4DS4\Lab2\Problem2_freertos_hello\freertos\freertos_kernel\include" -I"C:\Users\markanda\Documents\4DS4\Lab2\Problem2_freertos_hello\freertos\freertos_kernel\portable\GCC\ARM_CM4F" -I"C:\Users\markanda\Documents\4DS4\Lab2\Problem2_freertos_hello\board" -O0 -fno-common -g3 -c -ffunction-sections -fdata-sections -ffreestanding -fno-builtin -fmerge-constants -fmacro-prefix-map="../source/"= -mcpu=cortex-m4 -mfpu=fpv4-sp-d16 -mfloat-abi=hard -mthumb -D__REDLIB__ -fstack-usage -specs=redlib.specs -MMD -MP -MF"source/freertos_hello.d" -MT"source/freertos_hello.o" -MT"source/freertos_hello.d" -o "source/freertos_hello.o" "../source/freertos_hello.c"
Finished building: ../source/freertos_hello.c
 
Building target: Problem2_freertos_hello.axf
Invoking: MCU Linker
arm-none-eabi-gcc -nostdlib -Xlinker -Map="Problem2_freertos_hello.map" -Xlinker --gc-sections -Xlinker -print-memory-usage -Xlinker --sort-section=alignment -Xlinker --cref -mcpu=cortex-m4 -mfpu=fpv4-sp-d16 -mfloat-abi=hard -mthumb -T Problem2_freertos_hello_Debug.ld -o "Problem2_freertos_hello.axf" ./utilities/fsl_assert.o ./utilities/fsl_debug_console.o ./utilities/fsl_str.o  ./startup/startup_mk66f18.o  ./source/freertos_hello.o ./source/semihost_hardfault.o  ./freertos/freertos_kernel/portable/MemMang/heap_4.o  ./freertos/freertos_kernel/portable/GCC/ARM_CM4F/port.o  ./freertos/freertos_kernel/croutine.o ./freertos/freertos_kernel/event_groups.o ./freertos/freertos_kernel/list.o ./freertos/freertos_kernel/queue.o ./freertos/freertos_kernel/stream_buffer.o ./freertos/freertos_kernel/tasks.o ./freertos/freertos_kernel/timers.o  ./drivers/fsl_clock.o ./drivers/fsl_common.o ./drivers/fsl_common_arm.o ./drivers/fsl_ftfx_cache.o ./drivers/fsl_ftfx_controller.o ./drivers/fsl_ftfx_flash.o ./drivers/fsl_ftfx_flexnvm.o ./drivers/fsl_gpio.o ./drivers/fsl_lpuart.o ./drivers/fsl_smc.o ./drivers/fsl_uart.o  ./device/system_MK66F18.o  ./component/uart/fsl_adapter_uart.o  ./component/serial_manager/fsl_component_serial_manager.o ./component/serial_manager/fsl_component_serial_port_uart.o  ./component/lists/fsl_component_generic_list.o  ./board/board.o ./board/clock_config.o ./board/pin_mux.o   
Memory region         Used Size  Region Size  %age Used
   PROGRAM_FLASH:       27208 B         2 MB      1.30%
      SRAM_UPPER:       19128 B       192 KB      9.73%
      SRAM_LOWER:          0 GB        64 KB      0.00%
        FLEX_RAM:          0 GB         4 KB      0.00%
Finished building target: Problem2_freertos_hello.axf
 
Performing post-build steps
arm-none-eabi-size "Problem2_freertos_hello.axf"; # arm-none-eabi-objcopy -v -O binary "Problem2_freertos_hello.axf" "Problem2_freertos_hello.bin" ; # checksum -p MK66FN2M0xxx18 -d "Problem2_freertos_hello.bin";
   text	   data	    bss	    dec	    hex	filename
  27176	     32	  19096	  46304	   b4e0	Problem2_freertos_hello.axf
 
12:54:26 **** Incremental Build of configuration Debug for project Problem3_freertos_hello ****
make -r -j4 all 
make[1]: Nothing to be done for 'main-build'.
Performing post-build steps
arm-none-eabi-size "Problem3_freertos_hello.axf"; # arm-none-eabi-objcopy -v -O binary "Problem3_freertos_hello.axf" "Problem3_freertos_hello.bin" ; # checksum -p MK66FN2M0xxx18 -d "Problem3_freertos_hello.bin";
   text	   data	    bss	    dec	    hex	filename
  28488	     32	  19112	  47632	   ba10	Problem3_freertos_hello.axf
 
13:05:10 **** Build of configuration Debug for project Problem4_freertos_hello2 ****
make -r -j4 all 
Building file: ../utilities/fsl_debug_console.c
Building file: ../utilities/fsl_assert.c
Building file: ../utilities/fsl_str.c
Building file: ../startup/startup_mk66f18.c
Invoking: MCU C Compiler
Invoking: MCU C Compiler
arm-none-eabi-gcc -std=gnu99 -DCPU_MK66FN2M0VMD18 -DCPU_MK66FN2M0VMD18_cm4 -DFRDM_K66F -DFREEDOM -DSERIAL_PORT_TYPE_UART=1 -DSDK_OS_FREE_RTOS -DMCUXPRESSO_SDK -DSDK_DEBUGCONSOLE=0 -DCR_INTEGER_PRINTF -DPRINTF_FLOAT_ENABLE=0 -D__MCUXPRESSO -D__USE_CMSIS -DDEBUG -D__REDLIB__ -I"C:\Users\markanda\Documents\4DS4\Lab2\Problem4_freertos_hello2\source" -I"C:\Users\markanda\Documents\4DS4\Lab2\Problem4_freertos_hello2\drivers" -I"C:\Users\markanda\Documents\4DS4\Lab2\Problem4_freertos_hello2\device" -I"C:\Users\markanda\Documents\4DS4\Lab2\Problem4_freertos_hello2\utilities" -I"C:\Users\markanda\Documents\4DS4\Lab2\Problem4_freertos_hello2\component\uart" -I"C:\Users\markanda\Documents\4DS4\Lab2\Problem4_freertos_hello2\component\serial_manager" -I"C:\Users\markanda\Documents\4DS4\Lab2\Problem4_freertos_hello2\component\lists" -I"C:\Users\markanda\Documents\4DS4\Lab2\Problem4_freertos_hello2\CMSIS" -I"C:\Users\markanda\Documents\4DS4\Lab2\Problem4_freertos_hello2\freertos\freertos_kernel\include" -I"C:\Users\markanda\Documents\4DS4\Lab2\Problem4_freertos_hello2\freertos\freertos_kernel\portable\GCC\ARM_CM4F" -I"C:\Users\markanda\Documents\4DS4\Lab2\Problem4_freertos_hello2\board" -O0 -fno-common -g3 -c -ffunction-sections -fdata-sections -ffreestanding -fno-builtin -fmerge-constants -fmacro-prefix-map="../utilities/"= -mcpu=cortex-m4 -mfpu=fpv4-sp-d16 -mfloat-abi=hard -mthumb -D__REDLIB__ -fstack-usage -specs=redlib.specs -MMD -MP -MF"utilities/fsl_debug_console.d" -MT"utilities/fsl_debug_console.o" -MT"utilities/fsl_debug_console.d" -o "utilities/fsl_debug_console.o" "../utilities/fsl_debug_console.c"
Invoking: MCU C Compiler
Invoking: MCU C Compiler
arm-none-eabi-gcc -std=gnu99 -DCPU_MK66FN2M0VMD18 -DCPU_MK66FN2M0VMD18_cm4 -DFRDM_K66F -DFREEDOM -DSERIAL_PORT_TYPE_UART=1 -DSDK_OS_FREE_RTOS -DMCUXPRESSO_SDK -DSDK_DEBUGCONSOLE=0 -DCR_INTEGER_PRINTF -DPRINTF_FLOAT_ENABLE=0 -D__MCUXPRESSO -D__USE_CMSIS -DDEBUG -D__REDLIB__ -I"C:\Users\markanda\Documents\4DS4\Lab2\Problem4_freertos_hello2\source" -I"C:\Users\markanda\Documents\4DS4\Lab2\Problem4_freertos_hello2\drivers" -I"C:\Users\markanda\Documents\4DS4\Lab2\Problem4_freertos_hello2\device" -I"C:\Users\markanda\Documents\4DS4\Lab2\Problem4_freertos_hello2\utilities" -I"C:\Users\markanda\Documents\4DS4\Lab2\Problem4_freertos_hello2\component\uart" -I"C:\Users\markanda\Documents\4DS4\Lab2\Problem4_freertos_hello2\component\serial_manager" -I"C:\Users\markanda\Documents\4DS4\Lab2\Problem4_freertos_hello2\component\lists" -I"C:\Users\markanda\Documents\4DS4\Lab2\Problem4_freertos_hello2\CMSIS" -I"C:\Users\markanda\Documents\4DS4\Lab2\Problem4_freertos_hello2\freertos\freertos_kernel\include" -I"C:\Users\markanda\Documents\4DS4\Lab2\Problem4_freertos_hello2\freertos\freertos_kernel\portable\GCC\ARM_CM4F" -I"C:\Users\markanda\Documents\4DS4\Lab2\Problem4_freertos_hello2\board" -O0 -fno-common -g3 -c -ffunction-sections -fdata-sections -ffreestanding -fno-builtin -fmerge-constants -fmacro-prefix-map="../utilities/"= -mcpu=cortex-m4 -mfpu=fpv4-sp-d16 -mfloat-abi=hard -mthumb -D__REDLIB__ -fstack-usage -specs=redlib.specs -MMD -MP -MF"utilities/fsl_assert.d" -MT"utilities/fsl_assert.o" -MT"utilities/fsl_assert.d" -o "utilities/fsl_assert.o" "../utilities/fsl_assert.c"
arm-none-eabi-gcc -std=gnu99 -DCPU_MK66FN2M0VMD18 -DCPU_MK66FN2M0VMD18_cm4 -DFRDM_K66F -DFREEDOM -DSERIAL_PORT_TYPE_UART=1 -DSDK_OS_FREE_RTOS -DMCUXPRESSO_SDK -DSDK_DEBUGCONSOLE=0 -DCR_INTEGER_PRINTF -DPRINTF_FLOAT_ENABLE=0 -D__MCUXPRESSO -D__USE_CMSIS -DDEBUG -D__REDLIB__ -I"C:\Users\markanda\Documents\4DS4\Lab2\Problem4_freertos_hello2\source" -I"C:\Users\markanda\Documents\4DS4\Lab2\Problem4_freertos_hello2\drivers" -I"C:\Users\markanda\Documents\4DS4\Lab2\Problem4_freertos_hello2\device" -I"C:\Users\markanda\Documents\4DS4\Lab2\Problem4_freertos_hello2\utilities" -I"C:\Users\markanda\Documents\4DS4\Lab2\Problem4_freertos_hello2\component\uart" -I"C:\Users\markanda\Documents\4DS4\Lab2\Problem4_freertos_hello2\component\serial_manager" -I"C:\Users\markanda\Documents\4DS4\Lab2\Problem4_freertos_hello2\component\lists" -I"C:\Users\markanda\Documents\4DS4\Lab2\Problem4_freertos_hello2\CMSIS" -I"C:\Users\markanda\Documents\4DS4\Lab2\Problem4_freertos_hello2\freertos\freertos_kernel\include" -I"C:\Users\markanda\Documents\4DS4\Lab2\Problem4_freertos_hello2\freertos\freertos_kernel\portable\GCC\ARM_CM4F" -I"C:\Users\markanda\Documents\4DS4\Lab2\Problem4_freertos_hello2\board" -O0 -fno-common -g3 -c -ffunction-sections -fdata-sections -ffreestanding -fno-builtin -fmerge-constants -fmacro-prefix-map="../utilities/"= -mcpu=cortex-m4 -mfpu=fpv4-sp-d16 -mfloat-abi=hard -mthumb -D__REDLIB__ -fstack-usage -specs=redlib.specs -MMD -MP -MF"utilities/fsl_str.d" -MT"utilities/fsl_str.o" -MT"utilities/fsl_str.d" -o "utilities/fsl_str.o" "../utilities/fsl_str.c"
arm-none-eabi-gcc -std=gnu99 -DCPU_MK66FN2M0VMD18 -DCPU_MK66FN2M0VMD18_cm4 -DFRDM_K66F -DFREEDOM -DSERIAL_PORT_TYPE_UART=1 -DSDK_OS_FREE_RTOS -DMCUXPRESSO_SDK -DSDK_DEBUGCONSOLE=0 -DCR_INTEGER_PRINTF -DPRINTF_FLOAT_ENABLE=0 -D__MCUXPRESSO -D__USE_CMSIS -DDEBUG -D__REDLIB__ -I"C:\Users\markanda\Documents\4DS4\Lab2\Problem4_freertos_hello2\source" -I"C:\Users\markanda\Documents\4DS4\Lab2\Problem4_freertos_hello2\drivers" -I"C:\Users\markanda\Documents\4DS4\Lab2\Problem4_freertos_hello2\device" -I"C:\Users\markanda\Documents\4DS4\Lab2\Problem4_freertos_hello2\utilities" -I"C:\Users\markanda\Documents\4DS4\Lab2\Problem4_freertos_hello2\component\uart" -I"C:\Users\markanda\Documents\4DS4\Lab2\Problem4_freertos_hello2\component\serial_manager" -I"C:\Users\markanda\Documents\4DS4\Lab2\Problem4_freertos_hello2\component\lists" -I"C:\Users\markanda\Documents\4DS4\Lab2\Problem4_freertos_hello2\CMSIS" -I"C:\Users\markanda\Documents\4DS4\Lab2\Problem4_freertos_hello2\freertos\freertos_kernel\include" -I"C:\Users\markanda\Documents\4DS4\Lab2\Problem4_freertos_hello2\freertos\freertos_kernel\portable\GCC\ARM_CM4F" -I"C:\Users\markanda\Documents\4DS4\Lab2\Problem4_freertos_hello2\board" -O0 -fno-common -g3 -c -ffunction-sections -fdata-sections -ffreestanding -fno-builtin -fmerge-constants -fmacro-prefix-map="../startup/"= -mcpu=cortex-m4 -mfpu=fpv4-sp-d16 -mfloat-abi=hard -mthumb -D__REDLIB__ -fstack-usage -specs=redlib.specs -MMD -MP -MF"startup/startup_mk66f18.d" -MT"startup/startup_mk66f18.o" -MT"startup/startup_mk66f18.d" -o "startup/startup_mk66f18.o" "../startup/startup_mk66f18.c"
Finished building: ../startup/startup_mk66f18.c
 
Building file: ../source/freertos_hello.c
Invoking: MCU C Compiler
Finished building: ../utilities/fsl_debug_console.c
arm-none-eabi-gcc -std=gnu99 -DCPU_MK66FN2M0VMD18 -DCPU_MK66FN2M0VMD18_cm4 -DFRDM_K66F -DFREEDOM -DSERIAL_PORT_TYPE_UART=1 -DSDK_OS_FREE_RTOS -DMCUXPRESSO_SDK -DSDK_DEBUGCONSOLE=0 -DCR_INTEGER_PRINTF -DPRINTF_FLOAT_ENABLE=0 -D__MCUXPRESSO -D__USE_CMSIS -DDEBUG -D__REDLIB__ -I"C:\Users\markanda\Documents\4DS4\Lab2\Problem4_freertos_hello2\source" -I"C:\Users\markanda\Documents\4DS4\Lab2\Problem4_freertos_hello2\drivers" -I"C:\Users\markanda\Documents\4DS4\Lab2\Problem4_freertos_hello2\device" -I"C:\Users\markanda\Documents\4DS4\Lab2\Problem4_freertos_hello2\utilities" -I"C:\Users\markanda\Documents\4DS4\Lab2\Problem4_freertos_hello2\component\uart" -I"C:\Users\markanda\Documents\4DS4\Lab2\Problem4_freertos_hello2\component\serial_manager" -I"C:\Users\markanda\Documents\4DS4\Lab2\Problem4_freertos_hello2\component\lists" -I"C:\Users\markanda\Documents\4DS4\Lab2\Problem4_freertos_hello2\CMSIS" -I"C:\Users\markanda\Documents\4DS4\Lab2\Problem4_freertos_hello2\freertos\freertos_kernel\include" -I"C:\Users\markanda\Documents\4DS4\Lab2\Problem4_freertos_hello2\freertos\freertos_kernel\portable\GCC\ARM_CM4F" -I"C:\Users\markanda\Documents\4DS4\Lab2\Problem4_freertos_hello2\board" -O0 -fno-common -g3 -c -ffunction-sections -fdata-sections -ffreestanding -fno-builtin -fmerge-constants -fmacro-prefix-map="../source/"= -mcpu=cortex-m4 -mfpu=fpv4-sp-d16 -mfloat-abi=hard -mthumb -D__REDLIB__ -fstack-usage -specs=redlib.specs -MMD -MP -MF"source/freertos_hello.d" -MT"source/freertos_hello.o" -MT"source/freertos_hello.d" -o "source/freertos_hello.o" "../source/freertos_hello.c"
Finished building: ../utilities/fsl_assert.c
 
Finished building: ../utilities/fsl_str.c
 
Building file: ../source/semihost_hardfault.c
 
Building file: ../freertos/freertos_kernel/portable/MemMang/heap_4.c
Invoking: MCU C Compiler
arm-none-eabi-gcc -std=gnu99 -DCPU_MK66FN2M0VMD18 -DCPU_MK66FN2M0VMD18_cm4 -DFRDM_K66F -DFREEDOM -DSERIAL_PORT_TYPE_UART=1 -DSDK_OS_FREE_RTOS -DMCUXPRESSO_SDK -DSDK_DEBUGCONSOLE=0 -DCR_INTEGER_PRINTF -DPRINTF_FLOAT_ENABLE=0 -D__MCUXPRESSO -D__USE_CMSIS -DDEBUG -D__REDLIB__ -I"C:\Users\markanda\Documents\4DS4\Lab2\Problem4_freertos_hello2\source" -I"C:\Users\markanda\Documents\4DS4\Lab2\Problem4_freertos_hello2\drivers" -I"C:\Users\markanda\Documents\4DS4\Lab2\Problem4_freertos_hello2\device" -I"C:\Users\markanda\Documents\4DS4\Lab2\Problem4_freertos_hello2\utilities" -I"C:\Users\markanda\Documents\4DS4\Lab2\Problem4_freertos_hello2\component\uart" -I"C:\Users\markanda\Documents\4DS4\Lab2\Problem4_freertos_hello2\component\serial_manager" -I"C:\Users\markanda\Documents\4DS4\Lab2\Problem4_freertos_hello2\component\lists" -I"C:\Users\markanda\Documents\4DS4\Lab2\Problem4_freertos_hello2\CMSIS" -I"C:\Users\markanda\Documents\4DS4\Lab2\Problem4_freertos_hello2\freertos\freertos_kernel\include" -I"C:\Users\markanda\Documents\4DS4\Lab2\Problem4_freertos_hello2\freertos\freertos_kernel\portable\GCC\ARM_CM4F" -I"C:\Users\markanda\Documents\4DS4\Lab2\Problem4_freertos_hello2\board" -O0 -fno-common -g3 -c -ffunction-sections -fdata-sections -ffreestanding -fno-builtin -fmerge-constants -fmacro-prefix-map="../source/"= -mcpu=cortex-m4 -mfpu=fpv4-sp-d16 -mfloat-abi=hard -mthumb -D__REDLIB__ -fstack-usage -specs=redlib.specs -MMD -MP -MF"source/semihost_hardfault.d" -MT"source/semihost_hardfault.o" -MT"source/semihost_hardfault.d" -o "source/semihost_hardfault.o" "../source/semihost_hardfault.c"
Building file: ../freertos/freertos_kernel/portable/GCC/ARM_CM4F/port.c
Invoking: MCU C Compiler
Invoking: MCU C Compiler
arm-none-eabi-gcc -std=gnu99 -DCPU_MK66FN2M0VMD18 -DCPU_MK66FN2M0VMD18_cm4 -DFRDM_K66F -DFREEDOM -DSERIAL_PORT_TYPE_UART=1 -DSDK_OS_FREE_RTOS -DMCUXPRESSO_SDK -DSDK_DEBUGCONSOLE=0 -DCR_INTEGER_PRINTF -DPRINTF_FLOAT_ENABLE=0 -D__MCUXPRESSO -D__USE_CMSIS -DDEBUG -D__REDLIB__ -I"C:\Users\markanda\Documents\4DS4\Lab2\Problem4_freertos_hello2\source" -I"C:\Users\markanda\Documents\4DS4\Lab2\Problem4_freertos_hello2\drivers" -I"C:\Users\markanda\Documents\4DS4\Lab2\Problem4_freertos_hello2\device" -I"C:\Users\markanda\Documents\4DS4\Lab2\Problem4_freertos_hello2\utilities" -I"C:\Users\markanda\Documents\4DS4\Lab2\Problem4_freertos_hello2\component\uart" -I"C:\Users\markanda\Documents\4DS4\Lab2\Problem4_freertos_hello2\component\serial_manager" -I"C:\Users\markanda\Documents\4DS4\Lab2\Problem4_freertos_hello2\component\lists" -I"C:\Users\markanda\Documents\4DS4\Lab2\Problem4_freertos_hello2\CMSIS" -I"C:\Users\markanda\Documents\4DS4\Lab2\Problem4_freertos_hello2\freertos\freertos_kernel\include" -I"C:\Users\markanda\Documents\4DS4\Lab2\Problem4_freertos_hello2\freertos\freertos_kernel\portable\GCC\ARM_CM4F" -I"C:\Users\markanda\Documents\4DS4\Lab2\Problem4_freertos_hello2\board" -O0 -fno-common -g3 -c -ffunction-sections -fdata-sections -ffreestanding -fno-builtin -fmerge-constants -fmacro-prefix-map="../freertos/freertos_kernel/portable/GCC/ARM_CM4F/"= -mcpu=cortex-m4 -mfpu=fpv4-sp-d16 -mfloat-abi=hard -mthumb -D__REDLIB__ -fstack-usage -specs=redlib.specs -MMD -MP -MF"freertos/freertos_kernel/portable/GCC/ARM_CM4F/port.d" -MT"freertos/freertos_kernel/portable/GCC/ARM_CM4F/port.o" -MT"freertos/freertos_kernel/portable/GCC/ARM_CM4F/port.d" -o "freertos/freertos_kernel/portable/GCC/ARM_CM4F/port.o" "../freertos/freertos_kernel/portable/GCC/ARM_CM4F/port.c"
arm-none-eabi-gcc -std=gnu99 -DCPU_MK66FN2M0VMD18 -DCPU_MK66FN2M0VMD18_cm4 -DFRDM_K66F -DFREEDOM -DSERIAL_PORT_TYPE_UART=1 -DSDK_OS_FREE_RTOS -DMCUXPRESSO_SDK -DSDK_DEBUGCONSOLE=0 -DCR_INTEGER_PRINTF -DPRINTF_FLOAT_ENABLE=0 -D__MCUXPRESSO -D__USE_CMSIS -DDEBUG -D__REDLIB__ -I"C:\Users\markanda\Documents\4DS4\Lab2\Problem4_freertos_hello2\source" -I"C:\Users\markanda\Documents\4DS4\Lab2\Problem4_freertos_hello2\drivers" -I"C:\Users\markanda\Documents\4DS4\Lab2\Problem4_freertos_hello2\device" -I"C:\Users\markanda\Documents\4DS4\Lab2\Problem4_freertos_hello2\utilities" -I"C:\Users\markanda\Documents\4DS4\Lab2\Problem4_freertos_hello2\component\uart" -I"C:\Users\markanda\Documents\4DS4\Lab2\Problem4_freertos_hello2\component\serial_manager" -I"C:\Users\markanda\Documents\4DS4\Lab2\Problem4_freertos_hello2\component\lists" -I"C:\Users\markanda\Documents\4DS4\Lab2\Problem4_freertos_hello2\CMSIS" -I"C:\Users\markanda\Documents\4DS4\Lab2\Problem4_freertos_hello2\freertos\freertos_kernel\include" -I"C:\Users\markanda\Documents\4DS4\Lab2\Problem4_freertos_hello2\freertos\freertos_kernel\portable\GCC\ARM_CM4F" -I"C:\Users\markanda\Documents\4DS4\Lab2\Problem4_freertos_hello2\board" -O0 -fno-common -g3 -c -ffunction-sections -fdata-sections -ffreestanding -fno-builtin -fmerge-constants -fmacro-prefix-map="../freertos/freertos_kernel/portable/MemMang/"= -mcpu=cortex-m4 -mfpu=fpv4-sp-d16 -mfloat-abi=hard -mthumb -D__REDLIB__ -fstack-usage -specs=redlib.specs -MMD -MP -MF"freertos/freertos_kernel/portable/MemMang/heap_4.d" -MT"freertos/freertos_kernel/portable/MemMang/heap_4.o" -MT"freertos/freertos_kernel/portable/MemMang/heap_4.d" -o "freertos/freertos_kernel/portable/MemMang/heap_4.o" "../freertos/freertos_kernel/portable/MemMang/heap_4.c"
Finished building: ../source/semihost_hardfault.c
 
../source/freertos_hello.c:125:1: error: expected identifier or '(' before '}' token
  125 | }
      | ^
Finished building: ../freertos/freertos_kernel/portable/MemMang/heap_4.c
Finished building: ../freertos/freertos_kernel/portable/GCC/ARM_CM4F/port.c
Building file: ../freertos/freertos_kernel/croutine.c
make[1]: *** [source/subdir.mk:21: source/freertos_hello.o] Error 1
make[1]: *** Waiting for unfinished jobs....
 
 
Invoking: MCU C Compiler
arm-none-eabi-gcc -std=gnu99 -DCPU_MK66FN2M0VMD18 -DCPU_MK66FN2M0VMD18_cm4 -DFRDM_K66F -DFREEDOM -DSERIAL_PORT_TYPE_UART=1 -DSDK_OS_FREE_RTOS -DMCUXPRESSO_SDK -DSDK_DEBUGCONSOLE=0 -DCR_INTEGER_PRINTF -DPRINTF_FLOAT_ENABLE=0 -D__MCUXPRESSO -D__USE_CMSIS -DDEBUG -D__REDLIB__ -I"C:\Users\markanda\Documents\4DS4\Lab2\Problem4_freertos_hello2\source" -I"C:\Users\markanda\Documents\4DS4\Lab2\Problem4_freertos_hello2\drivers" -I"C:\Users\markanda\Documents\4DS4\Lab2\Problem4_freertos_hello2\device" -I"C:\Users\markanda\Documents\4DS4\Lab2\Problem4_freertos_hello2\utilities" -I"C:\Users\markanda\Documents\4DS4\Lab2\Problem4_freertos_hello2\component\uart" -I"C:\Users\markanda\Documents\4DS4\Lab2\Problem4_freertos_hello2\component\serial_manager" -I"C:\Users\markanda\Documents\4DS4\Lab2\Problem4_freertos_hello2\component\lists" -I"C:\Users\markanda\Documents\4DS4\Lab2\Problem4_freertos_hello2\CMSIS" -I"C:\Users\markanda\Documents\4DS4\Lab2\Problem4_freertos_hello2\freertos\freertos_kernel\include" -I"C:\Users\markanda\Documents\4DS4\Lab2\Problem4_freertos_hello2\freertos\freertos_kernel\portable\GCC\ARM_CM4F" -I"C:\Users\markanda\Documents\4DS4\Lab2\Problem4_freertos_hello2\board" -O0 -fno-common -g3 -c -ffunction-sections -fdata-sections -ffreestanding -fno-builtin -fmerge-constants -fmacro-prefix-map="../freertos/freertos_kernel/"= -mcpu=cortex-m4 -mfpu=fpv4-sp-d16 -mfloat-abi=hard -mthumb -D__REDLIB__ -fstack-usage -specs=redlib.specs -MMD -MP -MF"freertos/freertos_kernel/croutine.d" -MT"freertos/freertos_kernel/croutine.o" -MT"freertos/freertos_kernel/croutine.d" -o "freertos/freertos_kernel/croutine.o" "../freertos/freertos_kernel/croutine.c"
Finished building: ../freertos/freertos_kernel/croutine.c
 
make: *** [makefile:48: all] Error 2
"make -r -j4 all" terminated with exit code 2. Build might be incomplete.
13:05:35 **** Incremental Build of configuration Debug for project Problem4_freertos_hello2 ****
make -r -j4 all 
Building file: ../source/freertos_hello.c
Building file: ../freertos/freertos_kernel/event_groups.c
Building file: ../freertos/freertos_kernel/list.c
Building file: ../freertos/freertos_kernel/queue.c
Invoking: MCU C Compiler
Invoking: MCU C Compiler
arm-none-eabi-gcc -std=gnu99 -DCPU_MK66FN2M0VMD18 -DCPU_MK66FN2M0VMD18_cm4 -DFRDM_K66F -DFREEDOM -DSERIAL_PORT_TYPE_UART=1 -DSDK_OS_FREE_RTOS -DMCUXPRESSO_SDK -DSDK_DEBUGCONSOLE=0 -DCR_INTEGER_PRINTF -DPRINTF_FLOAT_ENABLE=0 -D__MCUXPRESSO -D__USE_CMSIS -DDEBUG -D__REDLIB__ -I"C:\Users\markanda\Documents\4DS4\Lab2\Problem4_freertos_hello2\source" -I"C:\Users\markanda\Documents\4DS4\Lab2\Problem4_freertos_hello2\drivers" -I"C:\Users\markanda\Documents\4DS4\Lab2\Problem4_freertos_hello2\device" -I"C:\Users\markanda\Documents\4DS4\Lab2\Problem4_freertos_hello2\utilities" -I"C:\Users\markanda\Documents\4DS4\Lab2\Problem4_freertos_hello2\component\uart" -I"C:\Users\markanda\Documents\4DS4\Lab2\Problem4_freertos_hello2\component\serial_manager" -I"C:\Users\markanda\Documents\4DS4\Lab2\Problem4_freertos_hello2\component\lists" -I"C:\Users\markanda\Documents\4DS4\Lab2\Problem4_freertos_hello2\CMSIS" -I"C:\Users\markanda\Documents\4DS4\Lab2\Problem4_freertos_hello2\freertos\freertos_kernel\include" -I"C:\Users\markanda\Documents\4DS4\Lab2\Problem4_freertos_hello2\freertos\freertos_kernel\portable\GCC\ARM_CM4F" -I"C:\Users\markanda\Documents\4DS4\Lab2\Problem4_freertos_hello2\board" -O0 -fno-common -g3 -c -ffunction-sections -fdata-sections -ffreestanding -fno-builtin -fmerge-constants -fmacro-prefix-map="../source/"= -mcpu=cortex-m4 -mfpu=fpv4-sp-d16 -mfloat-abi=hard -mthumb -D__REDLIB__ -fstack-usage -specs=redlib.specs -MMD -MP -MF"source/freertos_hello.d" -MT"source/freertos_hello.o" -MT"source/freertos_hello.d" -o "source/freertos_hello.o" "../source/freertos_hello.c"
arm-none-eabi-gcc -std=gnu99 -DCPU_MK66FN2M0VMD18 -DCPU_MK66FN2M0VMD18_cm4 -DFRDM_K66F -DFREEDOM -DSERIAL_PORT_TYPE_UART=1 -DSDK_OS_FREE_RTOS -DMCUXPRESSO_SDK -DSDK_DEBUGCONSOLE=0 -DCR_INTEGER_PRINTF -DPRINTF_FLOAT_ENABLE=0 -D__MCUXPRESSO -D__USE_CMSIS -DDEBUG -D__REDLIB__ -I"C:\Users\markanda\Documents\4DS4\Lab2\Problem4_freertos_hello2\source" -I"C:\Users\markanda\Documents\4DS4\Lab2\Problem4_freertos_hello2\drivers" -I"C:\Users\markanda\Documents\4DS4\Lab2\Problem4_freertos_hello2\device" -I"C:\Users\markanda\Documents\4DS4\Lab2\Problem4_freertos_hello2\utilities" -I"C:\Users\markanda\Documents\4DS4\Lab2\Problem4_freertos_hello2\component\uart" -I"C:\Users\markanda\Documents\4DS4\Lab2\Problem4_freertos_hello2\component\serial_manager" -I"C:\Users\markanda\Documents\4DS4\Lab2\Problem4_freertos_hello2\component\lists" -I"C:\Users\markanda\Documents\4DS4\Lab2\Problem4_freertos_hello2\CMSIS" -I"C:\Users\markanda\Documents\4DS4\Lab2\Problem4_freertos_hello2\freertos\freertos_kernel\include" -I"C:\Users\markanda\Documents\4DS4\Lab2\Problem4_freertos_hello2\freertos\freertos_kernel\portable\GCC\ARM_CM4F" -I"C:\Users\markanda\Documents\4DS4\Lab2\Problem4_freertos_hello2\board" -O0 -fno-common -g3 -c -ffunction-sections -fdata-sections -ffreestanding -fno-builtin -fmerge-constants -fmacro-prefix-map="../freertos/freertos_kernel/"= -mcpu=cortex-m4 -mfpu=fpv4-sp-d16 -mfloat-abi=hard -mthumb -D__REDLIB__ -fstack-usage -specs=redlib.specs -MMD -MP -MF"freertos/freertos_kernel/event_groups.d" -MT"freertos/freertos_kernel/event_groups.o" -MT"freertos/freertos_kernel/event_groups.d" -o "freertos/freertos_kernel/event_groups.o" "../freertos/freertos_kernel/event_groups.c"
Invoking: MCU C Compiler
arm-none-eabi-gcc -std=gnu99 -DCPU_MK66FN2M0VMD18 -DCPU_MK66FN2M0VMD18_cm4 -DFRDM_K66F -DFREEDOM -DSERIAL_PORT_TYPE_UART=1 -DSDK_OS_FREE_RTOS -DMCUXPRESSO_SDK -DSDK_DEBUGCONSOLE=0 -DCR_INTEGER_PRINTF -DPRINTF_FLOAT_ENABLE=0 -D__MCUXPRESSO -D__USE_CMSIS -DDEBUG -D__REDLIB__ -I"C:\Users\markanda\Documents\4DS4\Lab2\Problem4_freertos_hello2\source" -I"C:\Users\markanda\Documents\4DS4\Lab2\Problem4_freertos_hello2\drivers" -I"C:\Users\markanda\Documents\4DS4\Lab2\Problem4_freertos_hello2\device" -I"C:\Users\markanda\Documents\4DS4\Lab2\Problem4_freertos_hello2\utilities" -I"C:\Users\markanda\Documents\4DS4\Lab2\Problem4_freertos_hello2\component\uart" -I"C:\Users\markanda\Documents\4DS4\Lab2\Problem4_freertos_hello2\component\serial_manager" -I"C:\Users\markanda\Documents\4DS4\Lab2\Problem4_freertos_hello2\component\lists" -I"C:\Users\markanda\Documents\4DS4\Lab2\Problem4_freertos_hello2\CMSIS" -I"C:\Users\markanda\Documents\4DS4\Lab2\Problem4_freertos_hello2\freertos\freertos_kernel\include" -I"C:\Users\markanda\Documents\4DS4\Lab2\Problem4_freertos_hello2\freertos\freertos_kernel\portable\GCC\ARM_CM4F" -I"C:\Users\markanda\Documents\4DS4\Lab2\Problem4_freertos_hello2\board" -O0 -fno-common -g3 -c -ffunction-sections -fdata-sections -ffreestanding -fno-builtin -fmerge-constants -fmacro-prefix-map="../freertos/freertos_kernel/"= -mcpu=cortex-m4 -mfpu=fpv4-sp-d16 -mfloat-abi=hard -mthumb -D__REDLIB__ -fstack-usage -specs=redlib.specs -MMD -MP -MF"freertos/freertos_kernel/list.d" -MT"freertos/freertos_kernel/list.o" -MT"freertos/freertos_kernel/list.d" -o "freertos/freertos_kernel/list.o" "../freertos/freertos_kernel/list.c"
Invoking: MCU C Compiler
arm-none-eabi-gcc -std=gnu99 -DCPU_MK66FN2M0VMD18 -DCPU_MK66FN2M0VMD18_cm4 -DFRDM_K66F -DFREEDOM -DSERIAL_PORT_TYPE_UART=1 -DSDK_OS_FREE_RTOS -DMCUXPRESSO_SDK -DSDK_DEBUGCONSOLE=0 -DCR_INTEGER_PRINTF -DPRINTF_FLOAT_ENABLE=0 -D__MCUXPRESSO -D__USE_CMSIS -DDEBUG -D__REDLIB__ -I"C:\Users\markanda\Documents\4DS4\Lab2\Problem4_freertos_hello2\source" -I"C:\Users\markanda\Documents\4DS4\Lab2\Problem4_freertos_hello2\drivers" -I"C:\Users\markanda\Documents\4DS4\Lab2\Problem4_freertos_hello2\device" -I"C:\Users\markanda\Documents\4DS4\Lab2\Problem4_freertos_hello2\utilities" -I"C:\Users\markanda\Documents\4DS4\Lab2\Problem4_freertos_hello2\component\uart" -I"C:\Users\markanda\Documents\4DS4\Lab2\Problem4_freertos_hello2\component\serial_manager" -I"C:\Users\markanda\Documents\4DS4\Lab2\Problem4_freertos_hello2\component\lists" -I"C:\Users\markanda\Documents\4DS4\Lab2\Problem4_freertos_hello2\CMSIS" -I"C:\Users\markanda\Documents\4DS4\Lab2\Problem4_freertos_hello2\freertos\freertos_kernel\include" -I"C:\Users\markanda\Documents\4DS4\Lab2\Problem4_freertos_hello2\freertos\freertos_kernel\portable\GCC\ARM_CM4F" -I"C:\Users\markanda\Documents\4DS4\Lab2\Problem4_freertos_hello2\board" -O0 -fno-common -g3 -c -ffunction-sections -fdata-sections -ffreestanding -fno-builtin -fmerge-constants -fmacro-prefix-map="../freertos/freertos_kernel/"= -mcpu=cortex-m4 -mfpu=fpv4-sp-d16 -mfloat-abi=hard -mthumb -D__REDLIB__ -fstack-usage -specs=redlib.specs -MMD -MP -MF"freertos/freertos_kernel/queue.d" -MT"freertos/freertos_kernel/queue.o" -MT"freertos/freertos_kernel/queue.d" -o "freertos/freertos_kernel/queue.o" "../freertos/freertos_kernel/queue.c"
Finished building: ../freertos/freertos_kernel/list.c
Finished building: ../freertos/freertos_kernel/event_groups.c
 
 
Building file: ../freertos/freertos_kernel/tasks.c
Building file: ../freertos/freertos_kernel/stream_buffer.c
Invoking: MCU C Compiler
arm-none-eabi-gcc -std=gnu99 -DCPU_MK66FN2M0VMD18 -DCPU_MK66FN2M0VMD18_cm4 -DFRDM_K66F -DFREEDOM -DSERIAL_PORT_TYPE_UART=1 -DSDK_OS_FREE_RTOS -DMCUXPRESSO_SDK -DSDK_DEBUGCONSOLE=0 -DCR_INTEGER_PRINTF -DPRINTF_FLOAT_ENABLE=0 -D__MCUXPRESSO -D__USE_CMSIS -DDEBUG -D__REDLIB__ -I"C:\Users\markanda\Documents\4DS4\Lab2\Problem4_freertos_hello2\source" -I"C:\Users\markanda\Documents\4DS4\Lab2\Problem4_freertos_hello2\drivers" -I"C:\Users\markanda\Documents\4DS4\Lab2\Problem4_freertos_hello2\device" -I"C:\Users\markanda\Documents\4DS4\Lab2\Problem4_freertos_hello2\utilities" -I"C:\Users\markanda\Documents\4DS4\Lab2\Problem4_freertos_hello2\component\uart" -I"C:\Users\markanda\Documents\4DS4\Lab2\Problem4_freertos_hello2\component\serial_manager" -I"C:\Users\markanda\Documents\4DS4\Lab2\Problem4_freertos_hello2\component\lists" -I"C:\Users\markanda\Documents\4DS4\Lab2\Problem4_freertos_hello2\CMSIS" -I"C:\Users\markanda\Documents\4DS4\Lab2\Problem4_freertos_hello2\freertos\freertos_kernel\include" -I"C:\Users\markanda\Documents\4DS4\Lab2\Problem4_freertos_hello2\freertos\freertos_kernel\portable\GCC\ARM_CM4F" -I"C:\Users\markanda\Documents\4DS4\Lab2\Problem4_freertos_hello2\board" -O0 -fno-common -g3 -c -ffunction-sections -fdata-sections -ffreestanding -fno-builtin -fmerge-constants -fmacro-prefix-map="../freertos/freertos_kernel/"= -mcpu=cortex-m4 -mfpu=fpv4-sp-d16 -mfloat-abi=hard -mthumb -D__REDLIB__ -fstack-usage -specs=redlib.specs -MMD -MP -MF"freertos/freertos_kernel/stream_buffer.d" -MT"freertos/freertos_kernel/stream_buffer.o" -MT"freertos/freertos_kernel/stream_buffer.d" -o "freertos/freertos_kernel/stream_buffer.o" "../freertos/freertos_kernel/stream_buffer.c"
Invoking: MCU C Compiler
arm-none-eabi-gcc -std=gnu99 -DCPU_MK66FN2M0VMD18 -DCPU_MK66FN2M0VMD18_cm4 -DFRDM_K66F -DFREEDOM -DSERIAL_PORT_TYPE_UART=1 -DSDK_OS_FREE_RTOS -DMCUXPRESSO_SDK -DSDK_DEBUGCONSOLE=0 -DCR_INTEGER_PRINTF -DPRINTF_FLOAT_ENABLE=0 -D__MCUXPRESSO -D__USE_CMSIS -DDEBUG -D__REDLIB__ -I"C:\Users\markanda\Documents\4DS4\Lab2\Problem4_freertos_hello2\source" -I"C:\Users\markanda\Documents\4DS4\Lab2\Problem4_freertos_hello2\drivers" -I"C:\Users\markanda\Documents\4DS4\Lab2\Problem4_freertos_hello2\device" -I"C:\Users\markanda\Documents\4DS4\Lab2\Problem4_freertos_hello2\utilities" -I"C:\Users\markanda\Documents\4DS4\Lab2\Problem4_freertos_hello2\component\uart" -I"C:\Users\markanda\Documents\4DS4\Lab2\Problem4_freertos_hello2\component\serial_manager" -I"C:\Users\markanda\Documents\4DS4\Lab2\Problem4_freertos_hello2\component\lists" -I"C:\Users\markanda\Documents\4DS4\Lab2\Problem4_freertos_hello2\CMSIS" -I"C:\Users\markanda\Documents\4DS4\Lab2\Problem4_freertos_hello2\freertos\freertos_kernel\include" -I"C:\Users\markanda\Documents\4DS4\Lab2\Problem4_freertos_hello2\freertos\freertos_kernel\portable\GCC\ARM_CM4F" -I"C:\Users\markanda\Documents\4DS4\Lab2\Problem4_freertos_hello2\board" -O0 -fno-common -g3 -c -ffunction-sections -fdata-sections -ffreestanding -fno-builtin -fmerge-constants -fmacro-prefix-map="../freertos/freertos_kernel/"= -mcpu=cortex-m4 -mfpu=fpv4-sp-d16 -mfloat-abi=hard -mthumb -D__REDLIB__ -fstack-usage -specs=redlib.specs -MMD -MP -MF"freertos/freertos_kernel/tasks.d" -MT"freertos/freertos_kernel/tasks.o" -MT"freertos/freertos_kernel/tasks.d" -o "freertos/freertos_kernel/tasks.o" "../freertos/freertos_kernel/tasks.c"
Finished building: ../freertos/freertos_kernel/queue.c
 
Building file: ../freertos/freertos_kernel/timers.c
Invoking: MCU C Compiler
arm-none-eabi-gcc -std=gnu99 -DCPU_MK66FN2M0VMD18 -DCPU_MK66FN2M0VMD18_cm4 -DFRDM_K66F -DFREEDOM -DSERIAL_PORT_TYPE_UART=1 -DSDK_OS_FREE_RTOS -DMCUXPRESSO_SDK -DSDK_DEBUGCONSOLE=0 -DCR_INTEGER_PRINTF -DPRINTF_FLOAT_ENABLE=0 -D__MCUXPRESSO -D__USE_CMSIS -DDEBUG -D__REDLIB__ -I"C:\Users\markanda\Documents\4DS4\Lab2\Problem4_freertos_hello2\source" -I"C:\Users\markanda\Documents\4DS4\Lab2\Problem4_freertos_hello2\drivers" -I"C:\Users\markanda\Documents\4DS4\Lab2\Problem4_freertos_hello2\device" -I"C:\Users\markanda\Documents\4DS4\Lab2\Problem4_freertos_hello2\utilities" -I"C:\Users\markanda\Documents\4DS4\Lab2\Problem4_freertos_hello2\component\uart" -I"C:\Users\markanda\Documents\4DS4\Lab2\Problem4_freertos_hello2\component\serial_manager" -I"C:\Users\markanda\Documents\4DS4\Lab2\Problem4_freertos_hello2\component\lists" -I"C:\Users\markanda\Documents\4DS4\Lab2\Problem4_freertos_hello2\CMSIS" -I"C:\Users\markanda\Documents\4DS4\Lab2\Problem4_freertos_hello2\freertos\freertos_kernel\include" -I"C:\Users\markanda\Documents\4DS4\Lab2\Problem4_freertos_hello2\freertos\freertos_kernel\portable\GCC\ARM_CM4F" -I"C:\Users\markanda\Documents\4DS4\Lab2\Problem4_freertos_hello2\board" -O0 -fno-common -g3 -c -ffunction-sections -fdata-sections -ffreestanding -fno-builtin -fmerge-constants -fmacro-prefix-map="../freertos/freertos_kernel/"= -mcpu=cortex-m4 -mfpu=fpv4-sp-d16 -mfloat-abi=hard -mthumb -D__REDLIB__ -fstack-usage -specs=redlib.specs -MMD -MP -MF"freertos/freertos_kernel/timers.d" -MT"freertos/freertos_kernel/timers.o" -MT"freertos/freertos_kernel/timers.d" -o "freertos/freertos_kernel/timers.o" "../freertos/freertos_kernel/timers.c"
Finished building: ../source/freertos_hello.c
 
Building file: ../drivers/fsl_clock.c
Invoking: MCU C Compiler
arm-none-eabi-gcc -std=gnu99 -DCPU_MK66FN2M0VMD18 -DCPU_MK66FN2M0VMD18_cm4 -DFRDM_K66F -DFREEDOM -DSERIAL_PORT_TYPE_UART=1 -DSDK_OS_FREE_RTOS -DMCUXPRESSO_SDK -DSDK_DEBUGCONSOLE=0 -DCR_INTEGER_PRINTF -DPRINTF_FLOAT_ENABLE=0 -D__MCUXPRESSO -D__USE_CMSIS -DDEBUG -D__REDLIB__ -I"C:\Users\markanda\Documents\4DS4\Lab2\Problem4_freertos_hello2\source" -I"C:\Users\markanda\Documents\4DS4\Lab2\Problem4_freertos_hello2\drivers" -I"C:\Users\markanda\Documents\4DS4\Lab2\Problem4_freertos_hello2\device" -I"C:\Users\markanda\Documents\4DS4\Lab2\Problem4_freertos_hello2\utilities" -I"C:\Users\markanda\Documents\4DS4\Lab2\Problem4_freertos_hello2\component\uart" -I"C:\Users\markanda\Documents\4DS4\Lab2\Problem4_freertos_hello2\component\serial_manager" -I"C:\Users\markanda\Documents\4DS4\Lab2\Problem4_freertos_hello2\component\lists" -I"C:\Users\markanda\Documents\4DS4\Lab2\Problem4_freertos_hello2\CMSIS" -I"C:\Users\markanda\Documents\4DS4\Lab2\Problem4_freertos_hello2\freertos\freertos_kernel\include" -I"C:\Users\markanda\Documents\4DS4\Lab2\Problem4_freertos_hello2\freertos\freertos_kernel\portable\GCC\ARM_CM4F" -I"C:\Users\markanda\Documents\4DS4\Lab2\Problem4_freertos_hello2\board" -O0 -fno-common -g3 -c -ffunction-sections -fdata-sections -ffreestanding -fno-builtin -fmerge-constants -fmacro-prefix-map="../drivers/"= -mcpu=cortex-m4 -mfpu=fpv4-sp-d16 -mfloat-abi=hard -mthumb -D__REDLIB__ -fstack-usage -specs=redlib.specs -MMD -MP -MF"drivers/fsl_clock.d" -MT"drivers/fsl_clock.o" -MT"drivers/fsl_clock.d" -o "drivers/fsl_clock.o" "../drivers/fsl_clock.c"
Finished building: ../freertos/freertos_kernel/stream_buffer.c
 
Building file: ../drivers/fsl_common.c
Invoking: MCU C Compiler
arm-none-eabi-gcc -std=gnu99 -DCPU_MK66FN2M0VMD18 -DCPU_MK66FN2M0VMD18_cm4 -DFRDM_K66F -DFREEDOM -DSERIAL_PORT_TYPE_UART=1 -DSDK_OS_FREE_RTOS -DMCUXPRESSO_SDK -DSDK_DEBUGCONSOLE=0 -DCR_INTEGER_PRINTF -DPRINTF_FLOAT_ENABLE=0 -D__MCUXPRESSO -D__USE_CMSIS -DDEBUG -D__REDLIB__ -I"C:\Users\markanda\Documents\4DS4\Lab2\Problem4_freertos_hello2\source" -I"C:\Users\markanda\Documents\4DS4\Lab2\Problem4_freertos_hello2\drivers" -I"C:\Users\markanda\Documents\4DS4\Lab2\Problem4_freertos_hello2\device" -I"C:\Users\markanda\Documents\4DS4\Lab2\Problem4_freertos_hello2\utilities" -I"C:\Users\markanda\Documents\4DS4\Lab2\Problem4_freertos_hello2\component\uart" -I"C:\Users\markanda\Documents\4DS4\Lab2\Problem4_freertos_hello2\component\serial_manager" -I"C:\Users\markanda\Documents\4DS4\Lab2\Problem4_freertos_hello2\component\lists" -I"C:\Users\markanda\Documents\4DS4\Lab2\Problem4_freertos_hello2\CMSIS" -I"C:\Users\markanda\Documents\4DS4\Lab2\Problem4_freertos_hello2\freertos\freertos_kernel\include" -I"C:\Users\markanda\Documents\4DS4\Lab2\Problem4_freertos_hello2\freertos\freertos_kernel\portable\GCC\ARM_CM4F" -I"C:\Users\markanda\Documents\4DS4\Lab2\Problem4_freertos_hello2\board" -O0 -fno-common -g3 -c -ffunction-sections -fdata-sections -ffreestanding -fno-builtin -fmerge-constants -fmacro-prefix-map="../drivers/"= -mcpu=cortex-m4 -mfpu=fpv4-sp-d16 -mfloat-abi=hard -mthumb -D__REDLIB__ -fstack-usage -specs=redlib.specs -MMD -MP -MF"drivers/fsl_common.d" -MT"drivers/fsl_common.o" -MT"drivers/fsl_common.d" -o "drivers/fsl_common.o" "../drivers/fsl_common.c"
Finished building: ../freertos/freertos_kernel/timers.c
Finished building: ../freertos/freertos_kernel/tasks.c
 
 
Building file: ../drivers/fsl_common_arm.c
Building file: ../drivers/fsl_ftfx_cache.c
Invoking: MCU C Compiler
Invoking: MCU C Compiler
arm-none-eabi-gcc -std=gnu99 -DCPU_MK66FN2M0VMD18 -DCPU_MK66FN2M0VMD18_cm4 -DFRDM_K66F -DFREEDOM -DSERIAL_PORT_TYPE_UART=1 -DSDK_OS_FREE_RTOS -DMCUXPRESSO_SDK -DSDK_DEBUGCONSOLE=0 -DCR_INTEGER_PRINTF -DPRINTF_FLOAT_ENABLE=0 -D__MCUXPRESSO -D__USE_CMSIS -DDEBUG -D__REDLIB__ -I"C:\Users\markanda\Documents\4DS4\Lab2\Problem4_freertos_hello2\source" -I"C:\Users\markanda\Documents\4DS4\Lab2\Problem4_freertos_hello2\drivers" -I"C:\Users\markanda\Documents\4DS4\Lab2\Problem4_freertos_hello2\device" -I"C:\Users\markanda\Documents\4DS4\Lab2\Problem4_freertos_hello2\utilities" -I"C:\Users\markanda\Documents\4DS4\Lab2\Problem4_freertos_hello2\component\uart" -I"C:\Users\markanda\Documents\4DS4\Lab2\Problem4_freertos_hello2\component\serial_manager" -I"C:\Users\markanda\Documents\4DS4\Lab2\Problem4_freertos_hello2\component\lists" -I"C:\Users\markanda\Documents\4DS4\Lab2\Problem4_freertos_hello2\CMSIS" -I"C:\Users\markanda\Documents\4DS4\Lab2\Problem4_freertos_hello2\freertos\freertos_kernel\include" -I"C:\Users\markanda\Documents\4DS4\Lab2\Problem4_freertos_hello2\freertos\freertos_kernel\portable\GCC\ARM_CM4F" -I"C:\Users\markanda\Documents\4DS4\Lab2\Problem4_freertos_hello2\board" -O0 -fno-common -g3 -c -ffunction-sections -fdata-sections -ffreestanding -fno-builtin -fmerge-constants -fmacro-prefix-map="../drivers/"= -mcpu=cortex-m4 -mfpu=fpv4-sp-d16 -mfloat-abi=hard -mthumb -D__REDLIB__ -fstack-usage -specs=redlib.specs -MMD -MP -MF"drivers/fsl_common_arm.d" -MT"drivers/fsl_common_arm.o" -MT"drivers/fsl_common_arm.d" -o "drivers/fsl_common_arm.o" "../drivers/fsl_common_arm.c"
arm-none-eabi-gcc -std=gnu99 -DCPU_MK66FN2M0VMD18 -DCPU_MK66FN2M0VMD18_cm4 -DFRDM_K66F -DFREEDOM -DSERIAL_PORT_TYPE_UART=1 -DSDK_OS_FREE_RTOS -DMCUXPRESSO_SDK -DSDK_DEBUGCONSOLE=0 -DCR_INTEGER_PRINTF -DPRINTF_FLOAT_ENABLE=0 -D__MCUXPRESSO -D__USE_CMSIS -DDEBUG -D__REDLIB__ -I"C:\Users\markanda\Documents\4DS4\Lab2\Problem4_freertos_hello2\source" -I"C:\Users\markanda\Documents\4DS4\Lab2\Problem4_freertos_hello2\drivers" -I"C:\Users\markanda\Documents\4DS4\Lab2\Problem4_freertos_hello2\device" -I"C:\Users\markanda\Documents\4DS4\Lab2\Problem4_freertos_hello2\utilities" -I"C:\Users\markanda\Documents\4DS4\Lab2\Problem4_freertos_hello2\component\uart" -I"C:\Users\markanda\Documents\4DS4\Lab2\Problem4_freertos_hello2\component\serial_manager" -I"C:\Users\markanda\Documents\4DS4\Lab2\Problem4_freertos_hello2\component\lists" -I"C:\Users\markanda\Documents\4DS4\Lab2\Problem4_freertos_hello2\CMSIS" -I"C:\Users\markanda\Documents\4DS4\Lab2\Problem4_freertos_hello2\freertos\freertos_kernel\include" -I"C:\Users\markanda\Documents\4DS4\Lab2\Problem4_freertos_hello2\freertos\freertos_kernel\portable\GCC\ARM_CM4F" -I"C:\Users\markanda\Documents\4DS4\Lab2\Problem4_freertos_hello2\board" -O0 -fno-common -g3 -c -ffunction-sections -fdata-sections -ffreestanding -fno-builtin -fmerge-constants -fmacro-prefix-map="../drivers/"= -mcpu=cortex-m4 -mfpu=fpv4-sp-d16 -mfloat-abi=hard -mthumb -D__REDLIB__ -fstack-usage -specs=redlib.specs -MMD -MP -MF"drivers/fsl_ftfx_cache.d" -MT"drivers/fsl_ftfx_cache.o" -MT"drivers/fsl_ftfx_cache.d" -o "drivers/fsl_ftfx_cache.o" "../drivers/fsl_ftfx_cache.c"
Finished building: ../drivers/fsl_common.c
Finished building: ../drivers/fsl_clock.c
 
 
Building file: ../drivers/fsl_ftfx_controller.c
Building file: ../drivers/fsl_ftfx_flash.c
Invoking: MCU C Compiler
arm-none-eabi-gcc -std=gnu99 -DCPU_MK66FN2M0VMD18 -DCPU_MK66FN2M0VMD18_cm4 -DFRDM_K66F -DFREEDOM -DSERIAL_PORT_TYPE_UART=1 -DSDK_OS_FREE_RTOS -DMCUXPRESSO_SDK -DSDK_DEBUGCONSOLE=0 -DCR_INTEGER_PRINTF -DPRINTF_FLOAT_ENABLE=0 -D__MCUXPRESSO -D__USE_CMSIS -DDEBUG -D__REDLIB__ -I"C:\Users\markanda\Documents\4DS4\Lab2\Problem4_freertos_hello2\source" -I"C:\Users\markanda\Documents\4DS4\Lab2\Problem4_freertos_hello2\drivers" -I"C:\Users\markanda\Documents\4DS4\Lab2\Problem4_freertos_hello2\device" -I"C:\Users\markanda\Documents\4DS4\Lab2\Problem4_freertos_hello2\utilities" -I"C:\Users\markanda\Documents\4DS4\Lab2\Problem4_freertos_hello2\component\uart" -I"C:\Users\markanda\Documents\4DS4\Lab2\Problem4_freertos_hello2\component\serial_manager" -I"C:\Users\markanda\Documents\4DS4\Lab2\Problem4_freertos_hello2\component\lists" -I"C:\Users\markanda\Documents\4DS4\Lab2\Problem4_freertos_hello2\CMSIS" -I"C:\Users\markanda\Documents\4DS4\Lab2\Problem4_freertos_hello2\freertos\freertos_kernel\include" -I"C:\Users\markanda\Documents\4DS4\Lab2\Problem4_freertos_hello2\freertos\freertos_kernel\portable\GCC\ARM_CM4F" -I"C:\Users\markanda\Documents\4DS4\Lab2\Problem4_freertos_hello2\board" -O0 -fno-common -g3 -c -ffunction-sections -fdata-sections -ffreestanding -fno-builtin -fmerge-constants -fmacro-prefix-map="../drivers/"= -mcpu=cortex-m4 -mfpu=fpv4-sp-d16 -mfloat-abi=hard -mthumb -D__REDLIB__ -fstack-usage -specs=redlib.specs -MMD -MP -MF"drivers/fsl_ftfx_flash.d" -MT"drivers/fsl_ftfx_flash.o" -MT"drivers/fsl_ftfx_flash.d" -o "drivers/fsl_ftfx_flash.o" "../drivers/fsl_ftfx_flash.c"
Invoking: MCU C Compiler
arm-none-eabi-gcc -std=gnu99 -DCPU_MK66FN2M0VMD18 -DCPU_MK66FN2M0VMD18_cm4 -DFRDM_K66F -DFREEDOM -DSERIAL_PORT_TYPE_UART=1 -DSDK_OS_FREE_RTOS -DMCUXPRESSO_SDK -DSDK_DEBUGCONSOLE=0 -DCR_INTEGER_PRINTF -DPRINTF_FLOAT_ENABLE=0 -D__MCUXPRESSO -D__USE_CMSIS -DDEBUG -D__REDLIB__ -I"C:\Users\markanda\Documents\4DS4\Lab2\Problem4_freertos_hello2\source" -I"C:\Users\markanda\Documents\4DS4\Lab2\Problem4_freertos_hello2\drivers" -I"C:\Users\markanda\Documents\4DS4\Lab2\Problem4_freertos_hello2\device" -I"C:\Users\markanda\Documents\4DS4\Lab2\Problem4_freertos_hello2\utilities" -I"C:\Users\markanda\Documents\4DS4\Lab2\Problem4_freertos_hello2\component\uart" -I"C:\Users\markanda\Documents\4DS4\Lab2\Problem4_freertos_hello2\component\serial_manager" -I"C:\Users\markanda\Documents\4DS4\Lab2\Problem4_freertos_hello2\component\lists" -I"C:\Users\markanda\Documents\4DS4\Lab2\Problem4_freertos_hello2\CMSIS" -I"C:\Users\markanda\Documents\4DS4\Lab2\Problem4_freertos_hello2\freertos\freertos_kernel\include" -I"C:\Users\markanda\Documents\4DS4\Lab2\Problem4_freertos_hello2\freertos\freertos_kernel\portable\GCC\ARM_CM4F" -I"C:\Users\markanda\Documents\4DS4\Lab2\Problem4_freertos_hello2\board" -O0 -fno-common -g3 -c -ffunction-sections -fdata-sections -ffreestanding -fno-builtin -fmerge-constants -fmacro-prefix-map="../drivers/"= -mcpu=cortex-m4 -mfpu=fpv4-sp-d16 -mfloat-abi=hard -mthumb -D__REDLIB__ -fstack-usage -specs=redlib.specs -MMD -MP -MF"drivers/fsl_ftfx_controller.d" -MT"drivers/fsl_ftfx_controller.o" -MT"drivers/fsl_ftfx_controller.d" -o "drivers/fsl_ftfx_controller.o" "../drivers/fsl_ftfx_controller.c"
Finished building: ../drivers/fsl_common_arm.c
 
Building file: ../drivers/fsl_ftfx_flexnvm.c
Invoking: MCU C Compiler
arm-none-eabi-gcc -std=gnu99 -DCPU_MK66FN2M0VMD18 -DCPU_MK66FN2M0VMD18_cm4 -DFRDM_K66F -DFREEDOM -DSERIAL_PORT_TYPE_UART=1 -DSDK_OS_FREE_RTOS -DMCUXPRESSO_SDK -DSDK_DEBUGCONSOLE=0 -DCR_INTEGER_PRINTF -DPRINTF_FLOAT_ENABLE=0 -D__MCUXPRESSO -D__USE_CMSIS -DDEBUG -D__REDLIB__ -I"C:\Users\markanda\Documents\4DS4\Lab2\Problem4_freertos_hello2\source" -I"C:\Users\markanda\Documents\4DS4\Lab2\Problem4_freertos_hello2\drivers" -I"C:\Users\markanda\Documents\4DS4\Lab2\Problem4_freertos_hello2\device" -I"C:\Users\markanda\Documents\4DS4\Lab2\Problem4_freertos_hello2\utilities" -I"C:\Users\markanda\Documents\4DS4\Lab2\Problem4_freertos_hello2\component\uart" -I"C:\Users\markanda\Documents\4DS4\Lab2\Problem4_freertos_hello2\component\serial_manager" -I"C:\Users\markanda\Documents\4DS4\Lab2\Problem4_freertos_hello2\component\lists" -I"C:\Users\markanda\Documents\4DS4\Lab2\Problem4_freertos_hello2\CMSIS" -I"C:\Users\markanda\Documents\4DS4\Lab2\Problem4_freertos_hello2\freertos\freertos_kernel\include" -I"C:\Users\markanda\Documents\4DS4\Lab2\Problem4_freertos_hello2\freertos\freertos_kernel\portable\GCC\ARM_CM4F" -I"C:\Users\markanda\Documents\4DS4\Lab2\Problem4_freertos_hello2\board" -O0 -fno-common -g3 -c -ffunction-sections -fdata-sections -ffreestanding -fno-builtin -fmerge-constants -fmacro-prefix-map="../drivers/"= -mcpu=cortex-m4 -mfpu=fpv4-sp-d16 -mfloat-abi=hard -mthumb -D__REDLIB__ -fstack-usage -specs=redlib.specs -MMD -MP -MF"drivers/fsl_ftfx_flexnvm.d" -MT"drivers/fsl_ftfx_flexnvm.o" -MT"drivers/fsl_ftfx_flexnvm.d" -o "drivers/fsl_ftfx_flexnvm.o" "../drivers/fsl_ftfx_flexnvm.c"
Finished building: ../drivers/fsl_ftfx_cache.c
 
Building file: ../drivers/fsl_gpio.c
Invoking: MCU C Compiler
arm-none-eabi-gcc -std=gnu99 -DCPU_MK66FN2M0VMD18 -DCPU_MK66FN2M0VMD18_cm4 -DFRDM_K66F -DFREEDOM -DSERIAL_PORT_TYPE_UART=1 -DSDK_OS_FREE_RTOS -DMCUXPRESSO_SDK -DSDK_DEBUGCONSOLE=0 -DCR_INTEGER_PRINTF -DPRINTF_FLOAT_ENABLE=0 -D__MCUXPRESSO -D__USE_CMSIS -DDEBUG -D__REDLIB__ -I"C:\Users\markanda\Documents\4DS4\Lab2\Problem4_freertos_hello2\source" -I"C:\Users\markanda\Documents\4DS4\Lab2\Problem4_freertos_hello2\drivers" -I"C:\Users\markanda\Documents\4DS4\Lab2\Problem4_freertos_hello2\device" -I"C:\Users\markanda\Documents\4DS4\Lab2\Problem4_freertos_hello2\utilities" -I"C:\Users\markanda\Documents\4DS4\Lab2\Problem4_freertos_hello2\component\uart" -I"C:\Users\markanda\Documents\4DS4\Lab2\Problem4_freertos_hello2\component\serial_manager" -I"C:\Users\markanda\Documents\4DS4\Lab2\Problem4_freertos_hello2\component\lists" -I"C:\Users\markanda\Documents\4DS4\Lab2\Problem4_freertos_hello2\CMSIS" -I"C:\Users\markanda\Documents\4DS4\Lab2\Problem4_freertos_hello2\freertos\freertos_kernel\include" -I"C:\Users\markanda\Documents\4DS4\Lab2\Problem4_freertos_hello2\freertos\freertos_kernel\portable\GCC\ARM_CM4F" -I"C:\Users\markanda\Documents\4DS4\Lab2\Problem4_freertos_hello2\board" -O0 -fno-common -g3 -c -ffunction-sections -fdata-sections -ffreestanding -fno-builtin -fmerge-constants -fmacro-prefix-map="../drivers/"= -mcpu=cortex-m4 -mfpu=fpv4-sp-d16 -mfloat-abi=hard -mthumb -D__REDLIB__ -fstack-usage -specs=redlib.specs -MMD -MP -MF"drivers/fsl_gpio.d" -MT"drivers/fsl_gpio.o" -MT"drivers/fsl_gpio.d" -o "drivers/fsl_gpio.o" "../drivers/fsl_gpio.c"
Finished building: ../drivers/fsl_ftfx_flash.c
 
Building file: ../drivers/fsl_lpuart.c
Finished building: ../drivers/fsl_ftfx_controller.c
Invoking: MCU C Compiler
arm-none-eabi-gcc -std=gnu99 -DCPU_MK66FN2M0VMD18 -DCPU_MK66FN2M0VMD18_cm4 -DFRDM_K66F -DFREEDOM -DSERIAL_PORT_TYPE_UART=1 -DSDK_OS_FREE_RTOS -DMCUXPRESSO_SDK -DSDK_DEBUGCONSOLE=0 -DCR_INTEGER_PRINTF -DPRINTF_FLOAT_ENABLE=0 -D__MCUXPRESSO -D__USE_CMSIS -DDEBUG -D__REDLIB__ -I"C:\Users\markanda\Documents\4DS4\Lab2\Problem4_freertos_hello2\source" -I"C:\Users\markanda\Documents\4DS4\Lab2\Problem4_freertos_hello2\drivers" -I"C:\Users\markanda\Documents\4DS4\Lab2\Problem4_freertos_hello2\device" -I"C:\Users\markanda\Documents\4DS4\Lab2\Problem4_freertos_hello2\utilities" -I"C:\Users\markanda\Documents\4DS4\Lab2\Problem4_freertos_hello2\component\uart" -I"C:\Users\markanda\Documents\4DS4\Lab2\Problem4_freertos_hello2\component\serial_manager" -I"C:\Users\markanda\Documents\4DS4\Lab2\Problem4_freertos_hello2\component\lists" -I"C:\Users\markanda\Documents\4DS4\Lab2\Problem4_freertos_hello2\CMSIS" -I"C:\Users\markanda\Documents\4DS4\Lab2\Problem4_freertos_hello2\freertos\freertos_kernel\include" -I"C:\Users\markanda\Documents\4DS4\Lab2\Problem4_freertos_hello2\freertos\freertos_kernel\portable\GCC\ARM_CM4F" -I"C:\Users\markanda\Documents\4DS4\Lab2\Problem4_freertos_hello2\board" -O0 -fno-common -g3 -c -ffunction-sections -fdata-sections -ffreestanding -fno-builtin -fmerge-constants -fmacro-prefix-map="../drivers/"= -mcpu=cortex-m4 -mfpu=fpv4-sp-d16 -mfloat-abi=hard -mthumb -D__REDLIB__ -fstack-usage -specs=redlib.specs -MMD -MP -MF"drivers/fsl_lpuart.d" -MT"drivers/fsl_lpuart.o" -MT"drivers/fsl_lpuart.d" -o "drivers/fsl_lpuart.o" "../drivers/fsl_lpuart.c"
 
Building file: ../drivers/fsl_smc.c
Invoking: MCU C Compiler
arm-none-eabi-gcc -std=gnu99 -DCPU_MK66FN2M0VMD18 -DCPU_MK66FN2M0VMD18_cm4 -DFRDM_K66F -DFREEDOM -DSERIAL_PORT_TYPE_UART=1 -DSDK_OS_FREE_RTOS -DMCUXPRESSO_SDK -DSDK_DEBUGCONSOLE=0 -DCR_INTEGER_PRINTF -DPRINTF_FLOAT_ENABLE=0 -D__MCUXPRESSO -D__USE_CMSIS -DDEBUG -D__REDLIB__ -I"C:\Users\markanda\Documents\4DS4\Lab2\Problem4_freertos_hello2\source" -I"C:\Users\markanda\Documents\4DS4\Lab2\Problem4_freertos_hello2\drivers" -I"C:\Users\markanda\Documents\4DS4\Lab2\Problem4_freertos_hello2\device" -I"C:\Users\markanda\Documents\4DS4\Lab2\Problem4_freertos_hello2\utilities" -I"C:\Users\markanda\Documents\4DS4\Lab2\Problem4_freertos_hello2\component\uart" -I"C:\Users\markanda\Documents\4DS4\Lab2\Problem4_freertos_hello2\component\serial_manager" -I"C:\Users\markanda\Documents\4DS4\Lab2\Problem4_freertos_hello2\component\lists" -I"C:\Users\markanda\Documents\4DS4\Lab2\Problem4_freertos_hello2\CMSIS" -I"C:\Users\markanda\Documents\4DS4\Lab2\Problem4_freertos_hello2\freertos\freertos_kernel\include" -I"C:\Users\markanda\Documents\4DS4\Lab2\Problem4_freertos_hello2\freertos\freertos_kernel\portable\GCC\ARM_CM4F" -I"C:\Users\markanda\Documents\4DS4\Lab2\Problem4_freertos_hello2\board" -O0 -fno-common -g3 -c -ffunction-sections -fdata-sections -ffreestanding -fno-builtin -fmerge-constants -fmacro-prefix-map="../drivers/"= -mcpu=cortex-m4 -mfpu=fpv4-sp-d16 -mfloat-abi=hard -mthumb -D__REDLIB__ -fstack-usage -specs=redlib.specs -MMD -MP -MF"drivers/fsl_smc.d" -MT"drivers/fsl_smc.o" -MT"drivers/fsl_smc.d" -o "drivers/fsl_smc.o" "../drivers/fsl_smc.c"
Finished building: ../drivers/fsl_ftfx_flexnvm.c
 
Building file: ../drivers/fsl_uart.c
Invoking: MCU C Compiler
Finished building: ../drivers/fsl_gpio.c
arm-none-eabi-gcc -std=gnu99 -DCPU_MK66FN2M0VMD18 -DCPU_MK66FN2M0VMD18_cm4 -DFRDM_K66F -DFREEDOM -DSERIAL_PORT_TYPE_UART=1 -DSDK_OS_FREE_RTOS -DMCUXPRESSO_SDK -DSDK_DEBUGCONSOLE=0 -DCR_INTEGER_PRINTF -DPRINTF_FLOAT_ENABLE=0 -D__MCUXPRESSO -D__USE_CMSIS -DDEBUG -D__REDLIB__ -I"C:\Users\markanda\Documents\4DS4\Lab2\Problem4_freertos_hello2\source" -I"C:\Users\markanda\Documents\4DS4\Lab2\Problem4_freertos_hello2\drivers" -I"C:\Users\markanda\Documents\4DS4\Lab2\Problem4_freertos_hello2\device" -I"C:\Users\markanda\Documents\4DS4\Lab2\Problem4_freertos_hello2\utilities" -I"C:\Users\markanda\Documents\4DS4\Lab2\Problem4_freertos_hello2\component\uart" -I"C:\Users\markanda\Documents\4DS4\Lab2\Problem4_freertos_hello2\component\serial_manager" -I"C:\Users\markanda\Documents\4DS4\Lab2\Problem4_freertos_hello2\component\lists" -I"C:\Users\markanda\Documents\4DS4\Lab2\Problem4_freertos_hello2\CMSIS" -I"C:\Users\markanda\Documents\4DS4\Lab2\Problem4_freertos_hello2\freertos\freertos_kernel\include" -I"C:\Users\markanda\Documents\4DS4\Lab2\Problem4_freertos_hello2\freertos\freertos_kernel\portable\GCC\ARM_CM4F" -I"C:\Users\markanda\Documents\4DS4\Lab2\Problem4_freertos_hello2\board" -O0 -fno-common -g3 -c -ffunction-sections -fdata-sections -ffreestanding -fno-builtin -fmerge-constants -fmacro-prefix-map="../drivers/"= -mcpu=cortex-m4 -mfpu=fpv4-sp-d16 -mfloat-abi=hard -mthumb -D__REDLIB__ -fstack-usage -specs=redlib.specs -MMD -MP -MF"drivers/fsl_uart.d" -MT"drivers/fsl_uart.o" -MT"drivers/fsl_uart.d" -o "drivers/fsl_uart.o" "../drivers/fsl_uart.c"
 
Building file: ../device/system_MK66F18.c
Invoking: MCU C Compiler
arm-none-eabi-gcc -std=gnu99 -DCPU_MK66FN2M0VMD18 -DCPU_MK66FN2M0VMD18_cm4 -DFRDM_K66F -DFREEDOM -DSERIAL_PORT_TYPE_UART=1 -DSDK_OS_FREE_RTOS -DMCUXPRESSO_SDK -DSDK_DEBUGCONSOLE=0 -DCR_INTEGER_PRINTF -DPRINTF_FLOAT_ENABLE=0 -D__MCUXPRESSO -D__USE_CMSIS -DDEBUG -D__REDLIB__ -I"C:\Users\markanda\Documents\4DS4\Lab2\Problem4_freertos_hello2\source" -I"C:\Users\markanda\Documents\4DS4\Lab2\Problem4_freertos_hello2\drivers" -I"C:\Users\markanda\Documents\4DS4\Lab2\Problem4_freertos_hello2\device" -I"C:\Users\markanda\Documents\4DS4\Lab2\Problem4_freertos_hello2\utilities" -I"C:\Users\markanda\Documents\4DS4\Lab2\Problem4_freertos_hello2\component\uart" -I"C:\Users\markanda\Documents\4DS4\Lab2\Problem4_freertos_hello2\component\serial_manager" -I"C:\Users\markanda\Documents\4DS4\Lab2\Problem4_freertos_hello2\component\lists" -I"C:\Users\markanda\Documents\4DS4\Lab2\Problem4_freertos_hello2\CMSIS" -I"C:\Users\markanda\Documents\4DS4\Lab2\Problem4_freertos_hello2\freertos\freertos_kernel\include" -I"C:\Users\markanda\Documents\4DS4\Lab2\Problem4_freertos_hello2\freertos\freertos_kernel\portable\GCC\ARM_CM4F" -I"C:\Users\markanda\Documents\4DS4\Lab2\Problem4_freertos_hello2\board" -O0 -fno-common -g3 -c -ffunction-sections -fdata-sections -ffreestanding -fno-builtin -fmerge-constants -fmacro-prefix-map="../device/"= -mcpu=cortex-m4 -mfpu=fpv4-sp-d16 -mfloat-abi=hard -mthumb -D__REDLIB__ -fstack-usage -specs=redlib.specs -MMD -MP -MF"device/system_MK66F18.d" -MT"device/system_MK66F18.o" -MT"device/system_MK66F18.d" -o "device/system_MK66F18.o" "../device/system_MK66F18.c"
Finished building: ../drivers/fsl_smc.c
 
Building file: ../component/uart/fsl_adapter_uart.c
Invoking: MCU C Compiler
arm-none-eabi-gcc -std=gnu99 -DCPU_MK66FN2M0VMD18 -DCPU_MK66FN2M0VMD18_cm4 -DFRDM_K66F -DFREEDOM -DSERIAL_PORT_TYPE_UART=1 -DSDK_OS_FREE_RTOS -DMCUXPRESSO_SDK -DSDK_DEBUGCONSOLE=0 -DCR_INTEGER_PRINTF -DPRINTF_FLOAT_ENABLE=0 -D__MCUXPRESSO -D__USE_CMSIS -DDEBUG -D__REDLIB__ -I"C:\Users\markanda\Documents\4DS4\Lab2\Problem4_freertos_hello2\source" -I"C:\Users\markanda\Documents\4DS4\Lab2\Problem4_freertos_hello2\drivers" -I"C:\Users\markanda\Documents\4DS4\Lab2\Problem4_freertos_hello2\device" -I"C:\Users\markanda\Documents\4DS4\Lab2\Problem4_freertos_hello2\utilities" -I"C:\Users\markanda\Documents\4DS4\Lab2\Problem4_freertos_hello2\component\uart" -I"C:\Users\markanda\Documents\4DS4\Lab2\Problem4_freertos_hello2\component\serial_manager" -I"C:\Users\markanda\Documents\4DS4\Lab2\Problem4_freertos_hello2\component\lists" -I"C:\Users\markanda\Documents\4DS4\Lab2\Problem4_freertos_hello2\CMSIS" -I"C:\Users\markanda\Documents\4DS4\Lab2\Problem4_freertos_hello2\freertos\freertos_kernel\include" -I"C:\Users\markanda\Documents\4DS4\Lab2\Problem4_freertos_hello2\freertos\freertos_kernel\portable\GCC\ARM_CM4F" -I"C:\Users\markanda\Documents\4DS4\Lab2\Problem4_freertos_hello2\board" -O0 -fno-common -g3 -c -ffunction-sections -fdata-sections -ffreestanding -fno-builtin -fmerge-constants -fmacro-prefix-map="../component/uart/"= -mcpu=cortex-m4 -mfpu=fpv4-sp-d16 -mfloat-abi=hard -mthumb -D__REDLIB__ -fstack-usage -specs=redlib.specs -MMD -MP -MF"component/uart/fsl_adapter_uart.d" -MT"component/uart/fsl_adapter_uart.o" -MT"component/uart/fsl_adapter_uart.d" -o "component/uart/fsl_adapter_uart.o" "../component/uart/fsl_adapter_uart.c"
Finished building: ../drivers/fsl_lpuart.c
 
Building file: ../component/serial_manager/fsl_component_serial_manager.c
Invoking: MCU C Compiler
arm-none-eabi-gcc -std=gnu99 -DCPU_MK66FN2M0VMD18 -DCPU_MK66FN2M0VMD18_cm4 -DFRDM_K66F -DFREEDOM -DSERIAL_PORT_TYPE_UART=1 -DSDK_OS_FREE_RTOS -DMCUXPRESSO_SDK -DSDK_DEBUGCONSOLE=0 -DCR_INTEGER_PRINTF -DPRINTF_FLOAT_ENABLE=0 -D__MCUXPRESSO -D__USE_CMSIS -DDEBUG -D__REDLIB__ -I"C:\Users\markanda\Documents\4DS4\Lab2\Problem4_freertos_hello2\source" -I"C:\Users\markanda\Documents\4DS4\Lab2\Problem4_freertos_hello2\drivers" -I"C:\Users\markanda\Documents\4DS4\Lab2\Problem4_freertos_hello2\device" -I"C:\Users\markanda\Documents\4DS4\Lab2\Problem4_freertos_hello2\utilities" -I"C:\Users\markanda\Documents\4DS4\Lab2\Problem4_freertos_hello2\component\uart" -I"C:\Users\markanda\Documents\4DS4\Lab2\Problem4_freertos_hello2\component\serial_manager" -I"C:\Users\markanda\Documents\4DS4\Lab2\Problem4_freertos_hello2\component\lists" -I"C:\Users\markanda\Documents\4DS4\Lab2\Problem4_freertos_hello2\CMSIS" -I"C:\Users\markanda\Documents\4DS4\Lab2\Problem4_freertos_hello2\freertos\freertos_kernel\include" -I"C:\Users\markanda\Documents\4DS4\Lab2\Problem4_freertos_hello2\freertos\freertos_kernel\portable\GCC\ARM_CM4F" -I"C:\Users\markanda\Documents\4DS4\Lab2\Problem4_freertos_hello2\board" -O0 -fno-common -g3 -c -ffunction-sections -fdata-sections -ffreestanding -fno-builtin -fmerge-constants -fmacro-prefix-map="../component/serial_manager/"= -mcpu=cortex-m4 -mfpu=fpv4-sp-d16 -mfloat-abi=hard -mthumb -D__REDLIB__ -fstack-usage -specs=redlib.specs -MMD -MP -MF"component/serial_manager/fsl_component_serial_manager.d" -MT"component/serial_manager/fsl_component_serial_manager.o" -MT"component/serial_manager/fsl_component_serial_manager.d" -o "component/serial_manager/fsl_component_serial_manager.o" "../component/serial_manager/fsl_component_serial_manager.c"
Finished building: ../device/system_MK66F18.c
 
Building file: ../component/serial_manager/fsl_component_serial_port_uart.c
Invoking: MCU C Compiler
Finished building: ../drivers/fsl_uart.c
arm-none-eabi-gcc -std=gnu99 -DCPU_MK66FN2M0VMD18 -DCPU_MK66FN2M0VMD18_cm4 -DFRDM_K66F -DFREEDOM -DSERIAL_PORT_TYPE_UART=1 -DSDK_OS_FREE_RTOS -DMCUXPRESSO_SDK -DSDK_DEBUGCONSOLE=0 -DCR_INTEGER_PRINTF -DPRINTF_FLOAT_ENABLE=0 -D__MCUXPRESSO -D__USE_CMSIS -DDEBUG -D__REDLIB__ -I"C:\Users\markanda\Documents\4DS4\Lab2\Problem4_freertos_hello2\source" -I"C:\Users\markanda\Documents\4DS4\Lab2\Problem4_freertos_hello2\drivers" -I"C:\Users\markanda\Documents\4DS4\Lab2\Problem4_freertos_hello2\device" -I"C:\Users\markanda\Documents\4DS4\Lab2\Problem4_freertos_hello2\utilities" -I"C:\Users\markanda\Documents\4DS4\Lab2\Problem4_freertos_hello2\component\uart" -I"C:\Users\markanda\Documents\4DS4\Lab2\Problem4_freertos_hello2\component\serial_manager" -I"C:\Users\markanda\Documents\4DS4\Lab2\Problem4_freertos_hello2\component\lists" -I"C:\Users\markanda\Documents\4DS4\Lab2\Problem4_freertos_hello2\CMSIS" -I"C:\Users\markanda\Documents\4DS4\Lab2\Problem4_freertos_hello2\freertos\freertos_kernel\include" -I"C:\Users\markanda\Documents\4DS4\Lab2\Problem4_freertos_hello2\freertos\freertos_kernel\portable\GCC\ARM_CM4F" -I"C:\Users\markanda\Documents\4DS4\Lab2\Problem4_freertos_hello2\board" -O0 -fno-common -g3 -c -ffunction-sections -fdata-sections -ffreestanding -fno-builtin -fmerge-constants -fmacro-prefix-map="../component/serial_manager/"= -mcpu=cortex-m4 -mfpu=fpv4-sp-d16 -mfloat-abi=hard -mthumb -D__REDLIB__ -fstack-usage -specs=redlib.specs -MMD -MP -MF"component/serial_manager/fsl_component_serial_port_uart.d" -MT"component/serial_manager/fsl_component_serial_port_uart.o" -MT"component/serial_manager/fsl_component_serial_port_uart.d" -o "component/serial_manager/fsl_component_serial_port_uart.o" "../component/serial_manager/fsl_component_serial_port_uart.c"
 
Building file: ../component/lists/fsl_component_generic_list.c
Invoking: MCU C Compiler
arm-none-eabi-gcc -std=gnu99 -DCPU_MK66FN2M0VMD18 -DCPU_MK66FN2M0VMD18_cm4 -DFRDM_K66F -DFREEDOM -DSERIAL_PORT_TYPE_UART=1 -DSDK_OS_FREE_RTOS -DMCUXPRESSO_SDK -DSDK_DEBUGCONSOLE=0 -DCR_INTEGER_PRINTF -DPRINTF_FLOAT_ENABLE=0 -D__MCUXPRESSO -D__USE_CMSIS -DDEBUG -D__REDLIB__ -I"C:\Users\markanda\Documents\4DS4\Lab2\Problem4_freertos_hello2\source" -I"C:\Users\markanda\Documents\4DS4\Lab2\Problem4_freertos_hello2\drivers" -I"C:\Users\markanda\Documents\4DS4\Lab2\Problem4_freertos_hello2\device" -I"C:\Users\markanda\Documents\4DS4\Lab2\Problem4_freertos_hello2\utilities" -I"C:\Users\markanda\Documents\4DS4\Lab2\Problem4_freertos_hello2\component\uart" -I"C:\Users\markanda\Documents\4DS4\Lab2\Problem4_freertos_hello2\component\serial_manager" -I"C:\Users\markanda\Documents\4DS4\Lab2\Problem4_freertos_hello2\component\lists" -I"C:\Users\markanda\Documents\4DS4\Lab2\Problem4_freertos_hello2\CMSIS" -I"C:\Users\markanda\Documents\4DS4\Lab2\Problem4_freertos_hello2\freertos\freertos_kernel\include" -I"C:\Users\markanda\Documents\4DS4\Lab2\Problem4_freertos_hello2\freertos\freertos_kernel\portable\GCC\ARM_CM4F" -I"C:\Users\markanda\Documents\4DS4\Lab2\Problem4_freertos_hello2\board" -O0 -fno-common -g3 -c -ffunction-sections -fdata-sections -ffreestanding -fno-builtin -fmerge-constants -fmacro-prefix-map="../component/lists/"= -mcpu=cortex-m4 -mfpu=fpv4-sp-d16 -mfloat-abi=hard -mthumb -D__REDLIB__ -fstack-usage -specs=redlib.specs -MMD -MP -MF"component/lists/fsl_component_generic_list.d" -MT"component/lists/fsl_component_generic_list.o" -MT"component/lists/fsl_component_generic_list.d" -o "component/lists/fsl_component_generic_list.o" "../component/lists/fsl_component_generic_list.c"
Finished building: ../component/uart/fsl_adapter_uart.c
 
Building file: ../board/board.c
Invoking: MCU C Compiler
arm-none-eabi-gcc -std=gnu99 -DCPU_MK66FN2M0VMD18 -DCPU_MK66FN2M0VMD18_cm4 -DFRDM_K66F -DFREEDOM -DSERIAL_PORT_TYPE_UART=1 -DSDK_OS_FREE_RTOS -DMCUXPRESSO_SDK -DSDK_DEBUGCONSOLE=0 -DCR_INTEGER_PRINTF -DPRINTF_FLOAT_ENABLE=0 -D__MCUXPRESSO -D__USE_CMSIS -DDEBUG -D__REDLIB__ -I"C:\Users\markanda\Documents\4DS4\Lab2\Problem4_freertos_hello2\source" -I"C:\Users\markanda\Documents\4DS4\Lab2\Problem4_freertos_hello2\drivers" -I"C:\Users\markanda\Documents\4DS4\Lab2\Problem4_freertos_hello2\device" -I"C:\Users\markanda\Documents\4DS4\Lab2\Problem4_freertos_hello2\utilities" -I"C:\Users\markanda\Documents\4DS4\Lab2\Problem4_freertos_hello2\component\uart" -I"C:\Users\markanda\Documents\4DS4\Lab2\Problem4_freertos_hello2\component\serial_manager" -I"C:\Users\markanda\Documents\4DS4\Lab2\Problem4_freertos_hello2\component\lists" -I"C:\Users\markanda\Documents\4DS4\Lab2\Problem4_freertos_hello2\CMSIS" -I"C:\Users\markanda\Documents\4DS4\Lab2\Problem4_freertos_hello2\freertos\freertos_kernel\include" -I"C:\Users\markanda\Documents\4DS4\Lab2\Problem4_freertos_hello2\freertos\freertos_kernel\portable\GCC\ARM_CM4F" -I"C:\Users\markanda\Documents\4DS4\Lab2\Problem4_freertos_hello2\board" -O0 -fno-common -g3 -c -ffunction-sections -fdata-sections -ffreestanding -fno-builtin -fmerge-constants -fmacro-prefix-map="../board/"= -mcpu=cortex-m4 -mfpu=fpv4-sp-d16 -mfloat-abi=hard -mthumb -D__REDLIB__ -fstack-usage -specs=redlib.specs -MMD -MP -MF"board/board.d" -MT"board/board.o" -MT"board/board.d" -o "board/board.o" "../board/board.c"
Finished building: ../component/serial_manager/fsl_component_serial_manager.c
 
Building file: ../board/clock_config.c
Invoking: MCU C Compiler
arm-none-eabi-gcc -std=gnu99 -DCPU_MK66FN2M0VMD18 -DCPU_MK66FN2M0VMD18_cm4 -DFRDM_K66F -DFREEDOM -DSERIAL_PORT_TYPE_UART=1 -DSDK_OS_FREE_RTOS -DMCUXPRESSO_SDK -DSDK_DEBUGCONSOLE=0 -DCR_INTEGER_PRINTF -DPRINTF_FLOAT_ENABLE=0 -D__MCUXPRESSO -D__USE_CMSIS -DDEBUG -D__REDLIB__ -I"C:\Users\markanda\Documents\4DS4\Lab2\Problem4_freertos_hello2\source" -I"C:\Users\markanda\Documents\4DS4\Lab2\Problem4_freertos_hello2\drivers" -I"C:\Users\markanda\Documents\4DS4\Lab2\Problem4_freertos_hello2\device" -I"C:\Users\markanda\Documents\4DS4\Lab2\Problem4_freertos_hello2\utilities" -I"C:\Users\markanda\Documents\4DS4\Lab2\Problem4_freertos_hello2\component\uart" -I"C:\Users\markanda\Documents\4DS4\Lab2\Problem4_freertos_hello2\component\serial_manager" -I"C:\Users\markanda\Documents\4DS4\Lab2\Problem4_freertos_hello2\component\lists" -I"C:\Users\markanda\Documents\4DS4\Lab2\Problem4_freertos_hello2\CMSIS" -I"C:\Users\markanda\Documents\4DS4\Lab2\Problem4_freertos_hello2\freertos\freertos_kernel\include" -I"C:\Users\markanda\Documents\4DS4\Lab2\Problem4_freertos_hello2\freertos\freertos_kernel\portable\GCC\ARM_CM4F" -I"C:\Users\markanda\Documents\4DS4\Lab2\Problem4_freertos_hello2\board" -O0 -fno-common -g3 -c -ffunction-sections -fdata-sections -ffreestanding -fno-builtin -fmerge-constants -fmacro-prefix-map="../board/"= -mcpu=cortex-m4 -mfpu=fpv4-sp-d16 -mfloat-abi=hard -mthumb -D__REDLIB__ -fstack-usage -specs=redlib.specs -MMD -MP -MF"board/clock_config.d" -MT"board/clock_config.o" -MT"board/clock_config.d" -o "board/clock_config.o" "../board/clock_config.c"
Finished building: ../component/serial_manager/fsl_component_serial_port_uart.c
 
Building file: ../board/pin_mux.c
Finished building: ../component/lists/fsl_component_generic_list.c
Invoking: MCU C Compiler
arm-none-eabi-gcc -std=gnu99 -DCPU_MK66FN2M0VMD18 -DCPU_MK66FN2M0VMD18_cm4 -DFRDM_K66F -DFREEDOM -DSERIAL_PORT_TYPE_UART=1 -DSDK_OS_FREE_RTOS -DMCUXPRESSO_SDK -DSDK_DEBUGCONSOLE=0 -DCR_INTEGER_PRINTF -DPRINTF_FLOAT_ENABLE=0 -D__MCUXPRESSO -D__USE_CMSIS -DDEBUG -D__REDLIB__ -I"C:\Users\markanda\Documents\4DS4\Lab2\Problem4_freertos_hello2\source" -I"C:\Users\markanda\Documents\4DS4\Lab2\Problem4_freertos_hello2\drivers" -I"C:\Users\markanda\Documents\4DS4\Lab2\Problem4_freertos_hello2\device" -I"C:\Users\markanda\Documents\4DS4\Lab2\Problem4_freertos_hello2\utilities" -I"C:\Users\markanda\Documents\4DS4\Lab2\Problem4_freertos_hello2\component\uart" -I"C:\Users\markanda\Documents\4DS4\Lab2\Problem4_freertos_hello2\component\serial_manager" -I"C:\Users\markanda\Documents\4DS4\Lab2\Problem4_freertos_hello2\component\lists" -I"C:\Users\markanda\Documents\4DS4\Lab2\Problem4_freertos_hello2\CMSIS" -I"C:\Users\markanda\Documents\4DS4\Lab2\Problem4_freertos_hello2\freertos\freertos_kernel\include" -I"C:\Users\markanda\Documents\4DS4\Lab2\Problem4_freertos_hello2\freertos\freertos_kernel\portable\GCC\ARM_CM4F" -I"C:\Users\markanda\Documents\4DS4\Lab2\Problem4_freertos_hello2\board" -O0 -fno-common -g3 -c -ffunction-sections -fdata-sections -ffreestanding -fno-builtin -fmerge-constants -fmacro-prefix-map="../board/"= -mcpu=cortex-m4 -mfpu=fpv4-sp-d16 -mfloat-abi=hard -mthumb -D__REDLIB__ -fstack-usage -specs=redlib.specs -MMD -MP -MF"board/pin_mux.d" -MT"board/pin_mux.o" -MT"board/pin_mux.d" -o "board/pin_mux.o" "../board/pin_mux.c"
 
Finished building: ../board/board.c
 
Finished building: ../board/clock_config.c
 
Finished building: ../board/pin_mux.c
 
Building target: Problem4_freertos_hello2.axf
Invoking: MCU Linker
arm-none-eabi-gcc -nostdlib -Xlinker -Map="Problem4_freertos_hello2.map" -Xlinker --gc-sections -Xlinker -print-memory-usage -Xlinker --sort-section=alignment -Xlinker --cref -mcpu=cortex-m4 -mfpu=fpv4-sp-d16 -mfloat-abi=hard -mthumb -T Problem3_freertos_hello_Debug.ld -o "Problem4_freertos_hello2.axf" ./utilities/fsl_assert.o ./utilities/fsl_debug_console.o ./utilities/fsl_str.o  ./startup/startup_mk66f18.o  ./source/freertos_hello.o ./source/semihost_hardfault.o  ./freertos/freertos_kernel/portable/MemMang/heap_4.o  ./freertos/freertos_kernel/portable/GCC/ARM_CM4F/port.o  ./freertos/freertos_kernel/croutine.o ./freertos/freertos_kernel/event_groups.o ./freertos/freertos_kernel/list.o ./freertos/freertos_kernel/queue.o ./freertos/freertos_kernel/stream_buffer.o ./freertos/freertos_kernel/tasks.o ./freertos/freertos_kernel/timers.o  ./drivers/fsl_clock.o ./drivers/fsl_common.o ./drivers/fsl_common_arm.o ./drivers/fsl_ftfx_cache.o ./drivers/fsl_ftfx_controller.o ./drivers/fsl_ftfx_flash.o ./drivers/fsl_ftfx_flexnvm.o ./drivers/fsl_gpio.o ./drivers/fsl_lpuart.o ./drivers/fsl_smc.o ./drivers/fsl_uart.o  ./device/system_MK66F18.o  ./component/uart/fsl_adapter_uart.o  ./component/serial_manager/fsl_component_serial_manager.o ./component/serial_manager/fsl_component_serial_port_uart.o  ./component/lists/fsl_component_generic_list.o  ./board/board.o ./board/clock_config.o ./board/pin_mux.o   
Memory region         Used Size  Region Size  %age Used
   PROGRAM_FLASH:       27992 B         2 MB      1.33%
      SRAM_UPPER:       19128 B       192 KB      9.73%
      SRAM_LOWER:          0 GB        64 KB      0.00%
        FLEX_RAM:          0 GB         4 KB      0.00%
Finished building target: Problem4_freertos_hello2.axf
 
Performing post-build steps
arm-none-eabi-size "Problem4_freertos_hello2.axf"; # arm-none-eabi-objcopy -v -O binary "Problem4_freertos_hello2.axf" "Problem4_freertos_hello2.bin" ; # checksum -p MK66FN2M0xxx18 -d "Problem4_freertos_hello2.bin";
   text	   data	    bss	    dec	    hex	filename
  27960	     32	  19096	  47088	   b7f0	Problem4_freertos_hello2.axf
 
13:07:18 **** Clean-only build of configuration Debug for project Problem4_2_freertos_hello2 ****
make -r -j4 clean 
rm -rf ./utilities/fsl_assert.d ./utilities/fsl_assert.o ./utilities/fsl_debug_console.d ./utilities/fsl_debug_console.o ./utilities/fsl_str.d ./utilities/fsl_str.o
rm -rf ./startup/startup_mk66f18.d ./startup/startup_mk66f18.o
rm -rf ./source/freertos_hello.d ./source/freertos_hello.o ./source/semihost_hardfault.d ./source/semihost_hardfault.o
rm -rf ./freertos/freertos_kernel/portable/MemMang/heap_4.d ./freertos/freertos_kernel/portable/MemMang/heap_4.o
rm -rf ./freertos/freertos_kernel/portable/GCC/ARM_CM4F/port.d ./freertos/freertos_kernel/portable/GCC/ARM_CM4F/port.o
rm -rf ./freertos/freertos_kernel/croutine.d ./freertos/freertos_kernel/croutine.o ./freertos/freertos_kernel/event_groups.d ./freertos/freertos_kernel/event_groups.o ./freertos/freertos_kernel/list.d ./freertos/freertos_kernel/list.o ./freertos/freertos_kernel/queue.d ./freertos/freertos_kernel/queue.o ./freertos/freertos_kernel/stream_buffer.d ./freertos/freertos_kernel/stream_buffer.o ./freertos/freertos_kernel/tasks.d ./freertos/freertos_kernel/tasks.o ./freertos/freertos_kernel/timers.d ./freertos/freertos_kernel/timers.o
rm -rf ./drivers/fsl_clock.d ./drivers/fsl_clock.o ./drivers/fsl_common.d ./drivers/fsl_common.o ./drivers/fsl_common_arm.d ./drivers/fsl_common_arm.o ./drivers/fsl_ftfx_cache.d ./drivers/fsl_ftfx_cache.o ./drivers/fsl_ftfx_controller.d ./drivers/fsl_ftfx_controller.o ./drivers/fsl_ftfx_flash.d ./drivers/fsl_ftfx_flash.o ./drivers/fsl_ftfx_flexnvm.d ./drivers/fsl_ftfx_flexnvm.o ./drivers/fsl_gpio.d ./drivers/fsl_gpio.o ./drivers/fsl_lpuart.d ./drivers/fsl_lpuart.o ./drivers/fsl_smc.d ./drivers/fsl_smc.o ./drivers/fsl_uart.d ./drivers/fsl_uart.o
rm -rf ./device/system_MK66F18.d ./device/system_MK66F18.o
rm -rf ./component/uart/fsl_adapter_uart.d ./component/uart/fsl_adapter_uart.o
rm -rf ./component/serial_manager/fsl_component_serial_manager.d ./component/serial_manager/fsl_component_serial_manager.o ./component/serial_manager/fsl_component_serial_port_uart.d ./component/serial_manager/fsl_component_serial_port_uart.o
rm -rf ./component/lists/fsl_component_generic_list.d ./component/lists/fsl_component_generic_list.o
rm -rf ./board/board.d ./board/board.o ./board/clock_config.d ./board/clock_config.o ./board/pin_mux.d ./board/pin_mux.o
rm -rf Problem4_freertos_hello2.axf
 
13:07:19 **** Build of configuration Debug for project Problem4_2_freertos_hello2 ****
make -r -j4 all 
Building file: ../utilities/fsl_assert.c
Building file: ../utilities/fsl_debug_console.c
Building file: ../utilities/fsl_str.c
Building file: ../startup/startup_mk66f18.c
Invoking: MCU C Compiler
arm-none-eabi-gcc -std=gnu99 -DCPU_MK66FN2M0VMD18 -DCPU_MK66FN2M0VMD18_cm4 -DFRDM_K66F -DFREEDOM -DSERIAL_PORT_TYPE_UART=1 -DSDK_OS_FREE_RTOS -DMCUXPRESSO_SDK -DSDK_DEBUGCONSOLE=0 -DCR_INTEGER_PRINTF -DPRINTF_FLOAT_ENABLE=0 -D__MCUXPRESSO -D__USE_CMSIS -DDEBUG -D__REDLIB__ -I"C:\Users\markanda\Documents\4DS4\Lab2\Problem4_2_freertos_hello2\source" -I"C:\Users\markanda\Documents\4DS4\Lab2\Problem4_2_freertos_hello2\drivers" -I"C:\Users\markanda\Documents\4DS4\Lab2\Problem4_2_freertos_hello2\device" -I"C:\Users\markanda\Documents\4DS4\Lab2\Problem4_2_freertos_hello2\utilities" -I"C:\Users\markanda\Documents\4DS4\Lab2\Problem4_2_freertos_hello2\component\uart" -I"C:\Users\markanda\Documents\4DS4\Lab2\Problem4_2_freertos_hello2\component\serial_manager" -I"C:\Users\markanda\Documents\4DS4\Lab2\Problem4_2_freertos_hello2\component\lists" -I"C:\Users\markanda\Documents\4DS4\Lab2\Problem4_2_freertos_hello2\CMSIS" -I"C:\Users\markanda\Documents\4DS4\Lab2\Problem4_2_freertos_hello2\freertos\freertos_kernel\include" -I"C:\Users\markanda\Documents\4DS4\Lab2\Problem4_2_freertos_hello2\freertos\freertos_kernel\portable\GCC\ARM_CM4F" -I"C:\Users\markanda\Documents\4DS4\Lab2\Problem4_2_freertos_hello2\board" -O0 -fno-common -g3 -c -ffunction-sections -fdata-sections -ffreestanding -fno-builtin -fmerge-constants -fmacro-prefix-map="../utilities/"= -mcpu=cortex-m4 -mfpu=fpv4-sp-d16 -mfloat-abi=hard -mthumb -D__REDLIB__ -fstack-usage -specs=redlib.specs -MMD -MP -MF"utilities/fsl_assert.d" -MT"utilities/fsl_assert.o" -MT"utilities/fsl_assert.d" -o "utilities/fsl_assert.o" "../utilities/fsl_assert.c"
Invoking: MCU C Compiler
Invoking: MCU C Compiler
arm-none-eabi-gcc -std=gnu99 -DCPU_MK66FN2M0VMD18 -DCPU_MK66FN2M0VMD18_cm4 -DFRDM_K66F -DFREEDOM -DSERIAL_PORT_TYPE_UART=1 -DSDK_OS_FREE_RTOS -DMCUXPRESSO_SDK -DSDK_DEBUGCONSOLE=0 -DCR_INTEGER_PRINTF -DPRINTF_FLOAT_ENABLE=0 -D__MCUXPRESSO -D__USE_CMSIS -DDEBUG -D__REDLIB__ -I"C:\Users\markanda\Documents\4DS4\Lab2\Problem4_2_freertos_hello2\source" -I"C:\Users\markanda\Documents\4DS4\Lab2\Problem4_2_freertos_hello2\drivers" -I"C:\Users\markanda\Documents\4DS4\Lab2\Problem4_2_freertos_hello2\device" -I"C:\Users\markanda\Documents\4DS4\Lab2\Problem4_2_freertos_hello2\utilities" -I"C:\Users\markanda\Documents\4DS4\Lab2\Problem4_2_freertos_hello2\component\uart" -I"C:\Users\markanda\Documents\4DS4\Lab2\Problem4_2_freertos_hello2\component\serial_manager" -I"C:\Users\markanda\Documents\4DS4\Lab2\Problem4_2_freertos_hello2\component\lists" -I"C:\Users\markanda\Documents\4DS4\Lab2\Problem4_2_freertos_hello2\CMSIS" -I"C:\Users\markanda\Documents\4DS4\Lab2\Problem4_2_freertos_hello2\freertos\freertos_kernel\include" -I"C:\Users\markanda\Documents\4DS4\Lab2\Problem4_2_freertos_hello2\freertos\freertos_kernel\portable\GCC\ARM_CM4F" -I"C:\Users\markanda\Documents\4DS4\Lab2\Problem4_2_freertos_hello2\board" -O0 -fno-common -g3 -c -ffunction-sections -fdata-sections -ffreestanding -fno-builtin -fmerge-constants -fmacro-prefix-map="../utilities/"= -mcpu=cortex-m4 -mfpu=fpv4-sp-d16 -mfloat-abi=hard -mthumb -D__REDLIB__ -fstack-usage -specs=redlib.specs -MMD -MP -MF"utilities/fsl_debug_console.d" -MT"utilities/fsl_debug_console.o" -MT"utilities/fsl_debug_console.d" -o "utilities/fsl_debug_console.o" "../utilities/fsl_debug_console.c"
Invoking: MCU C Compiler
[...]
Finished building: ../component/uart/fsl_adapter_uart.c
Finished building: ../component/serial_manager/fsl_component_serial_manager.c
 
 
Building file: ../board/board.c
Invoking: MCU C Compiler
Building file: ../board/clock_config.c
arm-none-eabi-gcc -std=gnu99 -D__REDLIB__ -DCPU_MK66FN2M0VMD18 -DCPU_MK66FN2M0VMD18_cm4 -DFRDM_K66F -DFREEDOM -DSERIAL_PORT_TYPE_UART=1 -DSDK_OS_FREE_RTOS -DMCUXPRESSO_SDK -DSDK_DEBUGCONSOLE=0 -DCR_INTEGER_PRINTF -DPRINTF_FLOAT_ENABLE=0 -D__MCUXPRESSO -D__USE_CMSIS -DDEBUG -I"C:\Users\markanda\Documents\4DS4\Lab2\Problem6_freertos_hello\source" -I"C:\Users\markanda\Documents\4DS4\Lab2\Problem6_freertos_hello\drivers" -I"C:\Users\markanda\Documents\4DS4\Lab2\Problem6_freertos_hello\device" -I"C:\Users\markanda\Documents\4DS4\Lab2\Problem6_freertos_hello\utilities" -I"C:\Users\markanda\Documents\4DS4\Lab2\Problem6_freertos_hello\component\uart" -I"C:\Users\markanda\Documents\4DS4\Lab2\Problem6_freertos_hello\component\serial_manager" -I"C:\Users\markanda\Documents\4DS4\Lab2\Problem6_freertos_hello\component\lists" -I"C:\Users\markanda\Documents\4DS4\Lab2\Problem6_freertos_hello\CMSIS" -I"C:\Users\markanda\Documents\4DS4\Lab2\Problem6_freertos_hello\freertos\freertos_kernel\include" -I"C:\Users\markanda\Documents\4DS4\Lab2\Problem6_freertos_hello\freertos\freertos_kernel\portable\GCC\ARM_CM4F" -I"C:\Users\markanda\Documents\4DS4\Lab2\Problem6_freertos_hello\board" -O0 -fno-common -g3 -c -ffunction-sections -fdata-sections -ffreestanding -fno-builtin -fmerge-constants -fmacro-prefix-map="../board/"= -mcpu=cortex-m4 -mfpu=fpv4-sp-d16 -mfloat-abi=hard -mthumb -D__REDLIB__ -fstack-usage -specs=redlib.specs -MMD -MP -MF"board/board.d" -MT"board/board.o" -MT"board/board.d" -o "board/board.o" "../board/board.c"
Invoking: MCU C Compiler
arm-none-eabi-gcc -std=gnu99 -D__REDLIB__ -DCPU_MK66FN2M0VMD18 -DCPU_MK66FN2M0VMD18_cm4 -DFRDM_K66F -DFREEDOM -DSERIAL_PORT_TYPE_UART=1 -DSDK_OS_FREE_RTOS -DMCUXPRESSO_SDK -DSDK_DEBUGCONSOLE=0 -DCR_INTEGER_PRINTF -DPRINTF_FLOAT_ENABLE=0 -D__MCUXPRESSO -D__USE_CMSIS -DDEBUG -I"C:\Users\markanda\Documents\4DS4\Lab2\Problem6_freertos_hello\source" -I"C:\Users\markanda\Documents\4DS4\Lab2\Problem6_freertos_hello\drivers" -I"C:\Users\markanda\Documents\4DS4\Lab2\Problem6_freertos_hello\device" -I"C:\Users\markanda\Documents\4DS4\Lab2\Problem6_freertos_hello\utilities" -I"C:\Users\markanda\Documents\4DS4\Lab2\Problem6_freertos_hello\component\uart" -I"C:\Users\markanda\Documents\4DS4\Lab2\Problem6_freertos_hello\component\serial_manager" -I"C:\Users\markanda\Documents\4DS4\Lab2\Problem6_freertos_hello\component\lists" -I"C:\Users\markanda\Documents\4DS4\Lab2\Problem6_freertos_hello\CMSIS" -I"C:\Users\markanda\Documents\4DS4\Lab2\Problem6_freertos_hello\freertos\freertos_kernel\include" -I"C:\Users\markanda\Documents\4DS4\Lab2\Problem6_freertos_hello\freertos\freertos_kernel\portable\GCC\ARM_CM4F" -I"C:\Users\markanda\Documents\4DS4\Lab2\Problem6_freertos_hello\board" -O0 -fno-common -g3 -c -ffunction-sections -fdata-sections -ffreestanding -fno-builtin -fmerge-constants -fmacro-prefix-map="../board/"= -mcpu=cortex-m4 -mfpu=fpv4-sp-d16 -mfloat-abi=hard -mthumb -D__REDLIB__ -fstack-usage -specs=redlib.specs -MMD -MP -MF"board/clock_config.d" -MT"board/clock_config.o" -MT"board/clock_config.d" -o "board/clock_config.o" "../board/clock_config.c"
Finished building: ../component/serial_manager/fsl_component_serial_port_uart.c
 
Building file: ../board/pin_mux.c
Invoking: MCU C Compiler
arm-none-eabi-gcc -std=gnu99 -D__REDLIB__ -DCPU_MK66FN2M0VMD18 -DCPU_MK66FN2M0VMD18_cm4 -DFRDM_K66F -DFREEDOM -DSERIAL_PORT_TYPE_UART=1 -DSDK_OS_FREE_RTOS -DMCUXPRESSO_SDK -DSDK_DEBUGCONSOLE=0 -DCR_INTEGER_PRINTF -DPRINTF_FLOAT_ENABLE=0 -D__MCUXPRESSO -D__USE_CMSIS -DDEBUG -I"C:\Users\markanda\Documents\4DS4\Lab2\Problem6_freertos_hello\source" -I"C:\Users\markanda\Documents\4DS4\Lab2\Problem6_freertos_hello\drivers" -I"C:\Users\markanda\Documents\4DS4\Lab2\Problem6_freertos_hello\device" -I"C:\Users\markanda\Documents\4DS4\Lab2\Problem6_freertos_hello\utilities" -I"C:\Users\markanda\Documents\4DS4\Lab2\Problem6_freertos_hello\component\uart" -I"C:\Users\markanda\Documents\4DS4\Lab2\Problem6_freertos_hello\component\serial_manager" -I"C:\Users\markanda\Documents\4DS4\Lab2\Problem6_freertos_hello\component\lists" -I"C:\Users\markanda\Documents\4DS4\Lab2\Problem6_freertos_hello\CMSIS" -I"C:\Users\markanda\Documents\4DS4\Lab2\Problem6_freertos_hello\freertos\freertos_kernel\include" -I"C:\Users\markanda\Documents\4DS4\Lab2\Problem6_freertos_hello\freertos\freertos_kernel\portable\GCC\ARM_CM4F" -I"C:\Users\markanda\Documents\4DS4\Lab2\Problem6_freertos_hello\board" -O0 -fno-common -g3 -c -ffunction-sections -fdata-sections -ffreestanding -fno-builtin -fmerge-constants -fmacro-prefix-map="../board/"= -mcpu=cortex-m4 -mfpu=fpv4-sp-d16 -mfloat-abi=hard -mthumb -D__REDLIB__ -fstack-usage -specs=redlib.specs -MMD -MP -MF"board/pin_mux.d" -MT"board/pin_mux.o" -MT"board/pin_mux.d" -o "board/pin_mux.o" "../board/pin_mux.c"
Finished building: ../component/lists/fsl_component_generic_list.c
 
Finished building: ../board/board.c
 
Finished building: ../board/clock_config.c
 
Finished building: ../board/pin_mux.c
 
Building target: Problem6_freertos_hello.axf
Invoking: MCU Linker
arm-none-eabi-gcc -nostdlib -Xlinker -Map="Problem6_freertos_hello.map" -Xlinker --gc-sections -Xlinker -print-memory-usage -Xlinker --sort-section=alignment -Xlinker --cref -mcpu=cortex-m4 -mfpu=fpv4-sp-d16 -mfloat-abi=hard -mthumb -T Problem6_freertos_hello_Debug.ld -o "Problem6_freertos_hello.axf" ./utilities/fsl_assert.o ./utilities/fsl_debug_console.o ./utilities/fsl_str.o  ./startup/startup_mk66f18.o  ./source/freertos_hello.o ./source/semihost_hardfault.o  ./freertos/freertos_kernel/portable/MemMang/heap_4.o  ./freertos/freertos_kernel/portable/GCC/ARM_CM4F/port.o  ./freertos/freertos_kernel/croutine.o ./freertos/freertos_kernel/event_groups.o ./freertos/freertos_kernel/list.o ./freertos/freertos_kernel/queue.o ./freertos/freertos_kernel/stream_buffer.o ./freertos/freertos_kernel/tasks.o ./freertos/freertos_kernel/timers.o  ./drivers/fsl_clock.o ./drivers/fsl_common.o ./drivers/fsl_common_arm.o ./drivers/fsl_ftfx_cache.o ./drivers/fsl_ftfx_controller.o ./drivers/fsl_ftfx_flash.o ./drivers/fsl_ftfx_flexnvm.o ./drivers/fsl_gpio.o ./drivers/fsl_lpuart.o ./drivers/fsl_smc.o ./drivers/fsl_uart.o  ./device/system_MK66F18.o  ./component/uart/fsl_adapter_uart.o  ./component/serial_manager/fsl_component_serial_manager.o ./component/serial_manager/fsl_component_serial_port_uart.o  ./component/lists/fsl_component_generic_list.o  ./board/board.o ./board/clock_config.o ./board/pin_mux.o   
Memory region         Used Size  Region Size  %age Used
   PROGRAM_FLASH:       21784 B         2 MB      1.04%
      SRAM_UPPER:       19120 B       192 KB      9.72%
      SRAM_LOWER:          0 GB        64 KB      0.00%
        FLEX_RAM:          0 GB         4 KB      0.00%
Finished building target: Problem6_freertos_hello.axf
 
Performing post-build steps
arm-none-eabi-size "Problem6_freertos_hello.axf"; # arm-none-eabi-objcopy -v -O binary "Problem6_freertos_hello.axf" "Problem6_freertos_hello.bin" ; # checksum -p MK66FN2M0xxx18 -d "Problem6_freertos_hello.bin";
   text	   data	    bss	    dec	    hex	filename
  21760	     24	  19096	  40880	   9fb0	Problem6_freertos_hello.axf
 
14:28:03 **** Incremental Build of configuration Debug for project Problem6_freertos_hello ****
make -r -j4 all 
Building file: ../source/freertos_hello.c
Invoking: MCU C Compiler
arm-none-eabi-gcc -std=gnu99 -D__REDLIB__ -DCPU_MK66FN2M0VMD18 -DCPU_MK66FN2M0VMD18_cm4 -DFRDM_K66F -DFREEDOM -DSERIAL_PORT_TYPE_UART=1 -DSDK_OS_FREE_RTOS -DMCUXPRESSO_SDK -DSDK_DEBUGCONSOLE=0 -DCR_INTEGER_PRINTF -DPRINTF_FLOAT_ENABLE=0 -D__MCUXPRESSO -D__USE_CMSIS -DDEBUG -I"C:\Users\markanda\Documents\4DS4\Lab2\Problem6_freertos_hello\source" -I"C:\Users\markanda\Documents\4DS4\Lab2\Problem6_freertos_hello\drivers" -I"C:\Users\markanda\Documents\4DS4\Lab2\Problem6_freertos_hello\device" -I"C:\Users\markanda\Documents\4DS4\Lab2\Problem6_freertos_hello\utilities" -I"C:\Users\markanda\Documents\4DS4\Lab2\Problem6_freertos_hello\component\uart" -I"C:\Users\markanda\Documents\4DS4\Lab2\Problem6_freertos_hello\component\serial_manager" -I"C:\Users\markanda\Documents\4DS4\Lab2\Problem6_freertos_hello\component\lists" -I"C:\Users\markanda\Documents\4DS4\Lab2\Problem6_freertos_hello\CMSIS" -I"C:\Users\markanda\Documents\4DS4\Lab2\Problem6_freertos_hello\freertos\freertos_kernel\include" -I"C:\Users\markanda\Documents\4DS4\Lab2\Problem6_freertos_hello\freertos\freertos_kernel\portable\GCC\ARM_CM4F" -I"C:\Users\markanda\Documents\4DS4\Lab2\Problem6_freertos_hello\board" -O0 -fno-common -g3 -c -ffunction-sections -fdata-sections -ffreestanding -fno-builtin -fmerge-constants -fmacro-prefix-map="../source/"= -mcpu=cortex-m4 -mfpu=fpv4-sp-d16 -mfloat-abi=hard -mthumb -D__REDLIB__ -fstack-usage -specs=redlib.specs -MMD -MP -MF"source/freertos_hello.d" -MT"source/freertos_hello.o" -MT"source/freertos_hello.d" -o "source/freertos_hello.o" "../source/freertos_hello.c"
../source/freertos_hello.c:40:1: error: unknown type name 'SemaphoreHandle_t'
   40 | SemaphoreHandle_t semaphore;
      | ^~~~~~~~~~~~~~~~~
../source/freertos_hello.c: In function 'timerCallbackFunction2':
../source/freertos_hello.c:51:2: warning: implicit declaration of function 'xSemaphoreGive' [-Wimplicit-function-declaration]
   51 |  xSemaphoreGive(semaphore);
      |  ^~~~~~~~~~~~~~
../source/freertos_hello.c: In function 'consumer_event':
../source/freertos_hello.c:61:12: warning: implicit declaration of function 'xSemaphoreTake'; did you mean 'xQueueSemaphoreTake'? [-Wimplicit-function-declaration]
   61 |   status = xSemaphoreTake(semaphore, portMAX_DELAY);
      |            ^~~~~~~~~~~~~~
      |            xQueueSemaphoreTake
../source/freertos_hello.c:67:42: error: 'counter' undeclared (first use in this function)
   67 |   PRINTF("Got signal! Counter = %d\r\n", counter);
      |                                          ^~~~~~~
../source/freertos_hello.c:67:42: note: each undeclared identifier is reported only once for each function it appears in
../source/freertos_hello.c: In function 'main':
../source/freertos_hello.c:78:14: warning: implicit declaration of function 'xSemaphoreCreateBinary' [-Wimplicit-function-declaration]
   78 |  semaphore = xSemaphoreCreateBinary();
      |              ^~~~~~~~~~~~~~~~~~~~~~
make[1]: *** [source/subdir.mk:23: source/freertos_hello.o] Error 1
make: *** [makefile:48: all] Error 2
"make -r -j4 all" terminated with exit code 2. Build might be incomplete.
14:28:42 **** Incremental Build of configuration Debug for project Problem6_freertos_hello ****
make -r -j4 all 
Building file: ../source/freertos_hello.c
Invoking: MCU C Compiler
arm-none-eabi-gcc -std=gnu99 -D__REDLIB__ -DCPU_MK66FN2M0VMD18 -DCPU_MK66FN2M0VMD18_cm4 -DFRDM_K66F -DFREEDOM -DSERIAL_PORT_TYPE_UART=1 -DSDK_OS_FREE_RTOS -DMCUXPRESSO_SDK -DSDK_DEBUGCONSOLE=0 -DCR_INTEGER_PRINTF -DPRINTF_FLOAT_ENABLE=0 -D__MCUXPRESSO -D__USE_CMSIS -DDEBUG -I"C:\Users\markanda\Documents\4DS4\Lab2\Problem6_freertos_hello\source" -I"C:\Users\markanda\Documents\4DS4\Lab2\Problem6_freertos_hello\drivers" -I"C:\Users\markanda\Documents\4DS4\Lab2\Problem6_freertos_hello\device" -I"C:\Users\markanda\Documents\4DS4\Lab2\Problem6_freertos_hello\utilities" -I"C:\Users\markanda\Documents\4DS4\Lab2\Problem6_freertos_hello\component\uart" -I"C:\Users\markanda\Documents\4DS4\Lab2\Problem6_freertos_hello\component\serial_manager" -I"C:\Users\markanda\Documents\4DS4\Lab2\Problem6_freertos_hello\component\lists" -I"C:\Users\markanda\Documents\4DS4\Lab2\Problem6_freertos_hello\CMSIS" -I"C:\Users\markanda\Documents\4DS4\Lab2\Problem6_freertos_hello\freertos\freertos_kernel\include" -I"C:\Users\markanda\Documents\4DS4\Lab2\Problem6_freertos_hello\freertos\freertos_kernel\portable\GCC\ARM_CM4F" -I"C:\Users\markanda\Documents\4DS4\Lab2\Problem6_freertos_hello\board" -O0 -fno-common -g3 -c -ffunction-sections -fdata-sections -ffreestanding -fno-builtin -fmerge-constants -fmacro-prefix-map="../source/"= -mcpu=cortex-m4 -mfpu=fpv4-sp-d16 -mfloat-abi=hard -mthumb -D__REDLIB__ -fstack-usage -specs=redlib.specs -MMD -MP -MF"source/freertos_hello.d" -MT"source/freertos_hello.o" -MT"source/freertos_hello.d" -o "source/freertos_hello.o" "../source/freertos_hello.c"
Finished building: ../source/freertos_hello.c
 
Building target: Problem6_freertos_hello.axf
Invoking: MCU Linker
arm-none-eabi-gcc -nostdlib -Xlinker -Map="Problem6_freertos_hello.map" -Xlinker --gc-sections -Xlinker -print-memory-usage -Xlinker --sort-section=alignment -Xlinker --cref -mcpu=cortex-m4 -mfpu=fpv4-sp-d16 -mfloat-abi=hard -mthumb -T Problem6_freertos_hello_Debug.ld -o "Problem6_freertos_hello.axf" ./utilities/fsl_assert.o ./utilities/fsl_debug_console.o ./utilities/fsl_str.o  ./startup/startup_mk66f18.o  ./source/freertos_hello.o ./source/semihost_hardfault.o  ./freertos/freertos_kernel/portable/MemMang/heap_4.o  ./freertos/freertos_kernel/portable/GCC/ARM_CM4F/port.o  ./freertos/freertos_kernel/croutine.o ./freertos/freertos_kernel/event_groups.o ./freertos/freertos_kernel/list.o ./freertos/freertos_kernel/queue.o ./freertos/freertos_kernel/stream_buffer.o ./freertos/freertos_kernel/tasks.o ./freertos/freertos_kernel/timers.o  ./drivers/fsl_clock.o ./drivers/fsl_common.o ./drivers/fsl_common_arm.o ./drivers/fsl_ftfx_cache.o ./drivers/fsl_ftfx_controller.o ./drivers/fsl_ftfx_flash.o ./drivers/fsl_ftfx_flexnvm.o ./drivers/fsl_gpio.o ./drivers/fsl_lpuart.o ./drivers/fsl_smc.o ./drivers/fsl_uart.o  ./device/system_MK66F18.o  ./component/uart/fsl_adapter_uart.o  ./component/serial_manager/fsl_component_serial_manager.o ./component/serial_manager/fsl_component_serial_port_uart.o  ./component/lists/fsl_component_generic_list.o  ./board/board.o ./board/clock_config.o ./board/pin_mux.o   
Memory region         Used Size  Region Size  %age Used
   PROGRAM_FLASH:       21816 B         2 MB      1.04%
      SRAM_UPPER:       19128 B       192 KB      9.73%
      SRAM_LOWER:          0 GB        64 KB      0.00%
        FLEX_RAM:          0 GB         4 KB      0.00%
Finished building target: Problem6_freertos_hello.axf
 
Performing post-build steps
arm-none-eabi-size "Problem6_freertos_hello.axf"; # arm-none-eabi-objcopy -v -O binary "Problem6_freertos_hello.axf" "Problem6_freertos_hello.bin" ; # checksum -p MK66FN2M0xxx18 -d "Problem6_freertos_hello.bin";
   text	   data	    bss	    dec	    hex	filename
  21792	     24	  19104	  40920	   9fd8	Problem6_freertos_hello.axf
 
14:29:55 **** Incremental Build of configuration Debug for project Problem6_freertos_hello ****
make -r -j4 all 
Building file: ../source/freertos_hello.c
Invoking: MCU C Compiler
arm-none-eabi-gcc -std=gnu99 -D__REDLIB__ -DCPU_MK66FN2M0VMD18 -DCPU_MK66FN2M0VMD18_cm4 -DFRDM_K66F -DFREEDOM -DSERIAL_PORT_TYPE_UART=1 -DSDK_OS_FREE_RTOS -DMCUXPRESSO_SDK -DSDK_DEBUGCONSOLE=0 -DCR_INTEGER_PRINTF -DPRINTF_FLOAT_ENABLE=0 -D__MCUXPRESSO -D__USE_CMSIS -DDEBUG -I"C:\Users\markanda\Documents\4DS4\Lab2\Problem6_freertos_hello\source" -I"C:\Users\markanda\Documents\4DS4\Lab2\Problem6_freertos_hello\drivers" -I"C:\Users\markanda\Documents\4DS4\Lab2\Problem6_freertos_hello\device" -I"C:\Users\markanda\Documents\4DS4\Lab2\Problem6_freertos_hello\utilities" -I"C:\Users\markanda\Documents\4DS4\Lab2\Problem6_freertos_hello\component\uart" -I"C:\Users\markanda\Documents\4DS4\Lab2\Problem6_freertos_hello\component\serial_manager" -I"C:\Users\markanda\Documents\4DS4\Lab2\Problem6_freertos_hello\component\lists" -I"C:\Users\markanda\Documents\4DS4\Lab2\Problem6_freertos_hello\CMSIS" -I"C:\Users\markanda\Documents\4DS4\Lab2\Problem6_freertos_hello\freertos\freertos_kernel\include" -I"C:\Users\markanda\Documents\4DS4\Lab2\Problem6_freertos_hello\freertos\freertos_kernel\portable\GCC\ARM_CM4F" -I"C:\Users\markanda\Documents\4DS4\Lab2\Problem6_freertos_hello\board" -O0 -fno-common -g3 -c -ffunction-sections -fdata-sections -ffreestanding -fno-builtin -fmerge-constants -fmacro-prefix-map="../source/"= -mcpu=cortex-m4 -mfpu=fpv4-sp-d16 -mfloat-abi=hard -mthumb -D__REDLIB__ -fstack-usage -specs=redlib.specs -MMD -MP -MF"source/freertos_hello.d" -MT"source/freertos_hello.o" -MT"source/freertos_hello.d" -o "source/freertos_hello.o" "../source/freertos_hello.c"
Finished building: ../source/freertos_hello.c
 
Building target: Problem6_freertos_hello.axf
Invoking: MCU Linker
arm-none-eabi-gcc -nostdlib -Xlinker -Map="Problem6_freertos_hello.map" -Xlinker --gc-sections -Xlinker -print-memory-usage -Xlinker --sort-section=alignment -Xlinker --cref -mcpu=cortex-m4 -mfpu=fpv4-sp-d16 -mfloat-abi=hard -mthumb -T Problem6_freertos_hello_Debug.ld -o "Problem6_freertos_hello.axf" ./utilities/fsl_assert.o ./utilities/fsl_debug_console.o ./utilities/fsl_str.o  ./startup/startup_mk66f18.o  ./source/freertos_hello.o ./source/semihost_hardfault.o  ./freertos/freertos_kernel/portable/MemMang/heap_4.o  ./freertos/freertos_kernel/portable/GCC/ARM_CM4F/port.o  ./freertos/freertos_kernel/croutine.o ./freertos/freertos_kernel/event_groups.o ./freertos/freertos_kernel/list.o ./freertos/freertos_kernel/queue.o ./freertos/freertos_kernel/stream_buffer.o ./freertos/freertos_kernel/tasks.o ./freertos/freertos_kernel/timers.o  ./drivers/fsl_clock.o ./drivers/fsl_common.o ./drivers/fsl_common_arm.o ./drivers/fsl_ftfx_cache.o ./drivers/fsl_ftfx_controller.o ./drivers/fsl_ftfx_flash.o ./drivers/fsl_ftfx_flexnvm.o ./drivers/fsl_gpio.o ./drivers/fsl_lpuart.o ./drivers/fsl_smc.o ./drivers/fsl_uart.o  ./device/system_MK66F18.o  ./component/uart/fsl_adapter_uart.o  ./component/serial_manager/fsl_component_serial_manager.o ./component/serial_manager/fsl_component_serial_port_uart.o  ./component/lists/fsl_component_generic_list.o  ./board/board.o ./board/clock_config.o ./board/pin_mux.o   
Memory region         Used Size  Region Size  %age Used
   PROGRAM_FLASH:       23136 B         2 MB      1.10%
      SRAM_UPPER:       19128 B       192 KB      9.73%
      SRAM_LOWER:          0 GB        64 KB      0.00%
        FLEX_RAM:          0 GB         4 KB      0.00%
Finished building target: Problem6_freertos_hello.axf
 
Performing post-build steps
arm-none-eabi-size "Problem6_freertos_hello.axf"; # arm-none-eabi-objcopy -v -O binary "Problem6_freertos_hello.axf" "Problem6_freertos_hello.bin" ; # checksum -p MK66FN2M0xxx18 -d "Problem6_freertos_hello.bin";
   text	   data	    bss	    dec	    hex	filename
  23112	     24	  19104	  42240	   a500	Problem6_freertos_hello.axf
 
