12:54:26 **** Incremental Build of configuration Debug for project Problem3_freertos_hello ****
make -r -j4 all 
make[1]: Nothing to be done for 'main-build'.
Performing post-build steps
arm-none-eabi-size "Problem3_freertos_hello.axf"; # arm-none-eabi-objcopy -v -O binary "Problem3_freertos_hello.axf" "Problem3_freertos_hello.bin" ; # checksum -p MK66FN2M0xxx18 -d "Problem3_freertos_hello.bin";
   text	   data	    bss	    dec	    hex	filename
  28488	     32	  19112	  47632	   ba10	Problem3_freertos_hello.axf
 

12:54:26 Build Finished. 0 errors, 0 warnings. (took 366ms)

